Archive member included to satisfy reference by file (symbol)

c:/intelfpga_lite/20.1/nios2eds/bin/gnu/h-x86_64-mingw32/bin/../lib/gcc/nios2-elf/10.1.1/../../../../../H-x86_64-mingw32/nios2-elf/lib/mno-hw-mul\libc.a(lib_a-puts.o)
                              obj/default/hello_world.o (puts)
c:/intelfpga_lite/20.1/nios2eds/bin/gnu/h-x86_64-mingw32/bin/../lib/gcc/nios2-elf/10.1.1/../../../../../H-x86_64-mingw32/nios2-elf/lib/mno-hw-mul\libc.a(lib_a-strlen.o)
                              c:/intelfpga_lite/20.1/nios2eds/bin/gnu/h-x86_64-mingw32/bin/../lib/gcc/nios2-elf/10.1.1/../../../../../H-x86_64-mingw32/nios2-elf/lib/mno-hw-mul\libc.a(lib_a-puts.o) (strlen)
c:/intelfpga_lite/20.1/nios2eds/bin/gnu/h-x86_64-mingw32/bin/../lib/gcc/nios2-elf/10.1.1/../../../../../H-x86_64-mingw32/nios2-elf/lib/mno-hw-mul\libc.a(lib_a-findfp.o)
                              c:/intelfpga_lite/20.1/nios2eds/bin/gnu/h-x86_64-mingw32/bin/../lib/gcc/nios2-elf/10.1.1/../../../../../H-x86_64-mingw32/nios2-elf/lib/mno-hw-mul\libc.a(lib_a-puts.o) (__sinit)
c:/intelfpga_lite/20.1/nios2eds/bin/gnu/h-x86_64-mingw32/bin/../lib/gcc/nios2-elf/10.1.1/../../../../../H-x86_64-mingw32/nios2-elf/lib/mno-hw-mul\libc.a(lib_a-fvwrite.o)
                              c:/intelfpga_lite/20.1/nios2eds/bin/gnu/h-x86_64-mingw32/bin/../lib/gcc/nios2-elf/10.1.1/../../../../../H-x86_64-mingw32/nios2-elf/lib/mno-hw-mul\libc.a(lib_a-puts.o) (__sfvwrite_r)
c:/intelfpga_lite/20.1/nios2eds/bin/gnu/h-x86_64-mingw32/bin/../lib/gcc/nios2-elf/10.1.1/../../../../../H-x86_64-mingw32/nios2-elf/lib/mno-hw-mul\libc.a(lib_a-fwalk.o)
                              c:/intelfpga_lite/20.1/nios2eds/bin/gnu/h-x86_64-mingw32/bin/../lib/gcc/nios2-elf/10.1.1/../../../../../H-x86_64-mingw32/nios2-elf/lib/mno-hw-mul\libc.a(lib_a-findfp.o) (_fwalk)
c:/intelfpga_lite/20.1/nios2eds/bin/gnu/h-x86_64-mingw32/bin/../lib/gcc/nios2-elf/10.1.1/../../../../../H-x86_64-mingw32/nios2-elf/lib/mno-hw-mul\libc.a(lib_a-impure.o)
                              c:/intelfpga_lite/20.1/nios2eds/bin/gnu/h-x86_64-mingw32/bin/../lib/gcc/nios2-elf/10.1.1/../../../../../H-x86_64-mingw32/nios2-elf/lib/mno-hw-mul\libc.a(lib_a-findfp.o) (_global_impure_ptr)
c:/intelfpga_lite/20.1/nios2eds/bin/gnu/h-x86_64-mingw32/bin/../lib/gcc/nios2-elf/10.1.1/../../../../../H-x86_64-mingw32/nios2-elf/lib/mno-hw-mul\libc.a(lib_a-mallocr.o)
                              c:/intelfpga_lite/20.1/nios2eds/bin/gnu/h-x86_64-mingw32/bin/../lib/gcc/nios2-elf/10.1.1/../../../../../H-x86_64-mingw32/nios2-elf/lib/mno-hw-mul\libc.a(lib_a-findfp.o) (_malloc_r)
c:/intelfpga_lite/20.1/nios2eds/bin/gnu/h-x86_64-mingw32/bin/../lib/gcc/nios2-elf/10.1.1/../../../../../H-x86_64-mingw32/nios2-elf/lib/mno-hw-mul\libc.a(lib_a-memchr.o)
                              c:/intelfpga_lite/20.1/nios2eds/bin/gnu/h-x86_64-mingw32/bin/../lib/gcc/nios2-elf/10.1.1/../../../../../H-x86_64-mingw32/nios2-elf/lib/mno-hw-mul\libc.a(lib_a-fvwrite.o) (memchr)
c:/intelfpga_lite/20.1/nios2eds/bin/gnu/h-x86_64-mingw32/bin/../lib/gcc/nios2-elf/10.1.1/../../../../../H-x86_64-mingw32/nios2-elf/lib/mno-hw-mul\libc.a(lib_a-memcpy.o)
                              c:/intelfpga_lite/20.1/nios2eds/bin/gnu/h-x86_64-mingw32/bin/../lib/gcc/nios2-elf/10.1.1/../../../../../H-x86_64-mingw32/nios2-elf/lib/mno-hw-mul\libc.a(lib_a-fvwrite.o) (memcpy)
c:/intelfpga_lite/20.1/nios2eds/bin/gnu/h-x86_64-mingw32/bin/../lib/gcc/nios2-elf/10.1.1/../../../../../H-x86_64-mingw32/nios2-elf/lib/mno-hw-mul\libc.a(lib_a-memmove.o)
                              c:/intelfpga_lite/20.1/nios2eds/bin/gnu/h-x86_64-mingw32/bin/../lib/gcc/nios2-elf/10.1.1/../../../../../H-x86_64-mingw32/nios2-elf/lib/mno-hw-mul\libc.a(lib_a-fvwrite.o) (memmove)
c:/intelfpga_lite/20.1/nios2eds/bin/gnu/h-x86_64-mingw32/bin/../lib/gcc/nios2-elf/10.1.1/../../../../../H-x86_64-mingw32/nios2-elf/lib/mno-hw-mul\libc.a(lib_a-memset.o)
                              c:/intelfpga_lite/20.1/nios2eds/bin/gnu/h-x86_64-mingw32/bin/../lib/gcc/nios2-elf/10.1.1/../../../../../H-x86_64-mingw32/nios2-elf/lib/mno-hw-mul\libc.a(lib_a-findfp.o) (memset)
c:/intelfpga_lite/20.1/nios2eds/bin/gnu/h-x86_64-mingw32/bin/../lib/gcc/nios2-elf/10.1.1/../../../../../H-x86_64-mingw32/nios2-elf/lib/mno-hw-mul\libc.a(lib_a-reallocr.o)
                              c:/intelfpga_lite/20.1/nios2eds/bin/gnu/h-x86_64-mingw32/bin/../lib/gcc/nios2-elf/10.1.1/../../../../../H-x86_64-mingw32/nios2-elf/lib/mno-hw-mul\libc.a(lib_a-fvwrite.o) (_realloc_r)
c:/intelfpga_lite/20.1/nios2eds/bin/gnu/h-x86_64-mingw32/bin/../lib/gcc/nios2-elf/10.1.1/../../../../../H-x86_64-mingw32/nios2-elf/lib/mno-hw-mul\libc.a(lib_a-sbrkr.o)
                              c:/intelfpga_lite/20.1/nios2eds/bin/gnu/h-x86_64-mingw32/bin/../lib/gcc/nios2-elf/10.1.1/../../../../../H-x86_64-mingw32/nios2-elf/lib/mno-hw-mul\libc.a(lib_a-mallocr.o) (_sbrk_r)
[...]
Memory Configuration

Name             Origin             Length             Attributes
reset            0x0000000000080000 0x0000000000000020
onchip_mem       0x0000000000080020 0x0000000000061a60
*default*        0x0000000000000000 0xffffffffffffffff

Linker script and memory map

LOAD c:/Users/Administrador/Documents/Sistemas_Digitais_II/nios2/software/gerador_pwm_bsp//obj/HAL/src/crt0.o
LOAD obj/default/hello_world.o
LOAD c:/intelfpga_lite/20.1/nios2eds/bin/gnu/h-x86_64-mingw32/bin/../lib/gcc/nios2-elf/10.1.1/../../../../../H-x86_64-mingw32/nios2-elf/lib/mno-hw-mul\libstdc++.a
LOAD c:/intelfpga_lite/20.1/nios2eds/bin/gnu/h-x86_64-mingw32/bin/../lib/gcc/nios2-elf/10.1.1/../../../../../H-x86_64-mingw32/nios2-elf/lib/mno-hw-mul\libm.a
LOAD c:/intelfpga_lite/20.1/nios2eds/bin/gnu/h-x86_64-mingw32/bin/../lib/gcc/nios2-elf/10.1.1/mno-hw-mul\libgcc.a
START GROUP
LOAD c:/intelfpga_lite/20.1/nios2eds/bin/gnu/h-x86_64-mingw32/bin/../lib/gcc/nios2-elf/10.1.1/../../../../../H-x86_64-mingw32/nios2-elf/lib/mno-hw-mul\libc.a
LOAD c:/intelfpga_lite/20.1/nios2eds/bin/gnu/h-x86_64-mingw32/bin/../lib/gcc/nios2-elf/10.1.1/mno-hw-mul\libgcc.a
LOAD c:/Users/Administrador/Documents/Sistemas_Digitais_II/nios2/software/gerador_pwm_bsp/\libhal_bsp.a
LOAD c:/intelfpga_lite/20.1/nios2eds/bin/gnu/h-x86_64-mingw32/bin/../lib/gcc/nios2-elf/10.1.1/../../../../../H-x86_64-mingw32/nios2-elf/lib/mno-hw-mul\libm.a
END GROUP
LOAD c:/intelfpga_lite/20.1/nios2eds/bin/gnu/h-x86_64-mingw32/bin/../lib/gcc/nios2-elf/10.1.1/mno-hw-mul\libgcc.a
                0x0000000000080000                __alt_mem_onchip_mem = 0x80000

.entry          0x0000000000080000       0x20
 *(.entry)
 .entry         0x0000000000080000       0x20 c:/Users/Administrador/Documents/Sistemas_Digitais_II/nios2/software/gerador_pwm_bsp//obj/HAL/src/crt0.o
                0x0000000000080000                __reset

.exceptions     0x0000000000080020      0x204
                0x0000000000080020                PROVIDE (__ram_exceptions_start = ABSOLUTE (.))
                0x0000000000080020                . = ALIGN (0x20)
 *(.irq)
 *(.exceptions.entry.label)
 .exceptions.entry.label
                0x0000000000080020        0x0 c:/Users/Administrador/Documents/Sistemas_Digitais_II/nios2/software/gerador_pwm_bsp/\libhal_bsp.a(alt_irq_entry.o)
                0x0000000000080020                alt_irq_entry
 .exceptions.entry.label
                0x0000000000080020        0x0 c:/Users/Administrador/Documents/Sistemas_Digitais_II/nios2/software/gerador_pwm_bsp/\libhal_bsp.a(alt_exception_entry.o)
                0x0000000000080020                alt_exception
 *(.exceptions.entry.user)
 *(.exceptions.entry.ecc_fatal)
 *(.exceptions.entry)
 .exceptions.entry
                0x0000000000080020       0x54 c:/Users/Administrador/Documents/Sistemas_Digitais_II/nios2/software/gerador_pwm_bsp/\libhal_bsp.a(alt_exception_entry.o)
 *(.exceptions.irqtest.user)
 *(.exceptions.irqtest)
 .exceptions.irqtest
                0x0000000000080074       0x10 c:/Users/Administrador/Documents/Sistemas_Digitais_II/nios2/software/gerador_pwm_bsp/\libhal_bsp.a(alt_irq_entry.o)
 *(.exceptions.irqhandler.user)
 *(.exceptions.irqhandler)
 .exceptions.irqhandler
                0x0000000000080084        0x4 c:/Users/Administrador/Documents/Sistemas_Digitais_II/nios2/software/gerador_pwm_bsp/\libhal_bsp.a(alt_irq_entry.o)
 *(.exceptions.irqreturn.user)
 *(.exceptions.irqreturn)
 .exceptions.irqreturn
                0x0000000000080088        0x4 c:/Users/Administrador/Documents/Sistemas_Digitais_II/nios2/software/gerador_pwm_bsp/\libhal_bsp.a(alt_irq_entry.o)
 *(.exceptions.notirq.label)
 .exceptions.notirq.label
                0x000000000008008c        0x0 c:/Users/Administrador/Documents/Sistemas_Digitais_II/nios2/software/gerador_pwm_bsp/\libhal_bsp.a(alt_irq_entry.o)
 *(.exceptions.notirq.user)
 *(.exceptions.notirq)
 .exceptions.notirq
                0x000000000008008c        0x8 c:/Users/Administrador/Documents/Sistemas_Digitais_II/nios2/software/gerador_pwm_bsp/\libhal_bsp.a(alt_exception_entry.o)
 *(.exceptions.soft.user)
 *(.exceptions.soft)
 *(.exceptions.unknown.user)
 *(.exceptions.unknown)
 .exceptions.unknown
                0x0000000000080094       0x14 c:/Users/Administrador/Documents/Sistemas_Digitais_II/nios2/software/gerador_pwm_bsp/\libhal_bsp.a(alt_exception_entry.o)
 *(.exceptions.exit.label)
 .exceptions.exit.label
                0x00000000000800a8        0x0 c:/Users/Administrador/Documents/Sistemas_Digitais_II/nios2/software/gerador_pwm_bsp/\libhal_bsp.a(alt_irq_entry.o)
 .exceptions.exit.label
                0x00000000000800a8        0x0 c:/Users/Administrador/Documents/Sistemas_Digitais_II/nios2/software/gerador_pwm_bsp/\libhal_bsp.a(alt_exception_entry.o)
 *(.exceptions.exit.user)
 *(.exceptions.exit)
 .exceptions.exit
                0x00000000000800a8       0x54 c:/Users/Administrador/Documents/Sistemas_Digitais_II/nios2/software/gerador_pwm_bsp/\libhal_bsp.a(alt_exception_entry.o)
 *(.exceptions)
 .exceptions    0x00000000000800fc       0xc8 c:/Users/Administrador/Documents/Sistemas_Digitais_II/nios2/software/gerador_pwm_bsp/\libhal_bsp.a(alt_irq_handler.o)
                0x00000000000800fc                alt_irq_handler
 .exceptions    0x00000000000801c4       0x60 c:/Users/Administrador/Documents/Sistemas_Digitais_II/nios2/software/gerador_pwm_bsp/\libhal_bsp.a(alt_instruction_exception_entry.o)
                0x00000000000801c4                alt_instruction_exception_entry
                0x0000000000080224                PROVIDE (__ram_exceptions_end = ABSOLUTE (.))
                0x0000000000080020                PROVIDE (__flash_exceptions_start = LOADADDR (.exceptions))

.text           0x0000000000080224     0x55b0
                [!provide]                        PROVIDE (stext = ABSOLUTE (.))
 *(.interp)
 *(.hash)
 *(.dynsym)
 *(.dynstr)
 *(.gnu.version)
 *(.gnu.version_d)
 *(.gnu.version_r)
 *(.rel.init)
 *(.rela.init)
 *(.rel.text .rel.text.* .rel.gnu.linkonce.t.*)
 *(.rela.text .rela.text.* .rela.gnu.linkonce.t.*)
 *(.rel.fini)
 *(.rela.fini)
 *(.rel.rodata .rel.rodata.* .rel.gnu.linkonce.r.*)
 *(.rela.rodata .rela.rodata.* .rela.gnu.linkonce.r.*)
 *(.rel.data .rel.data.* .rel.gnu.linkonce.d.*)
 *(.rela.data .rela.data.* .rela.gnu.linkonce.d.*)
 *(.rel.tdata .rel.tdata.* .rel.gnu.linkonce.td.*)
 *(.rela.tdata .rela.tdata.* .rela.gnu.linkonce.td.*)
 *(.rel.tbss .rel.tbss.* .rel.gnu.linkonce.tb.*)
 *(.rela.tbss .rela.tbss.* .rela.gnu.linkonce.tb.*)
 *(.rel.ctors)
 *(.rela.ctors)
 *(.rel.dtors)
 *(.rela.dtors)
 *(.rel.got)
 *(.rela.got)
 *(.rel.sdata .rel.sdata.* .rel.gnu.linkonce.s.*)
 *(.rela.sdata .rela.sdata.* .rela.gnu.linkonce.s.*)
 *(.rel.sbss .rel.sbss.* .rel.gnu.linkonce.sb.*)
 *(.rela.sbss .rela.sbss.* .rela.gnu.linkonce.sb.*)
 *(.rel.sdata2 .rel.sdata2.* .rel.gnu.linkonce.s2.*)
 *(.rela.sdata2 .rela.sdata2.* .rela.gnu.linkonce.s2.*)
 *(.rel.sbss2 .rel.sbss2.* .rel.gnu.linkonce.sb2.*)
 *(.rela.sbss2 .rela.sbss2.* .rela.gnu.linkonce.sb2.*)
 *(.rel.bss .rel.bss.* .rel.gnu.linkonce.b.*)
 *(.rela.bss .rela.bss.* .rela.gnu.linkonce.b.*)
 *(.rel.plt)
 *(.rela.plt)
 *(.rel.dyn)
 *(.init)
 *(.plt)
 *(.text .stub .text.* .gnu.linkonce.t.*)
 .text          0x0000000000080224       0x3c c:/Users/Administrador/Documents/Sistemas_Digitais_II/nios2/software/gerador_pwm_bsp//obj/HAL/src/crt0.o
                0x0000000000080224                _start
 .text          0x0000000000080260       0x34 obj/default/hello_world.o
                0x0000000000080260                main
 .text          0x0000000000080294        0x0 c:/intelfpga_lite/20.1/nios2eds/bin/gnu/h-x86_64-mingw32/bin/../lib/gcc/nios2-elf/10.1.1/../../../../../H-x86_64-mingw32/nios2-elf/lib/mno-hw-mul\libc.a(lib_a-puts.o)
 .text._puts_r  0x0000000000080294       0xcc c:/intelfpga_lite/20.1/nios2eds/bin/gnu/h-x86_64-mingw32/bin/../lib/gcc/nios2-elf/10.1.1/../../../../../H-x86_64-mingw32/nios2-elf/lib/mno-hw-mul\libc.a(lib_a-puts.o)
                0x0000000000080294                _puts_r
 .text.puts     0x0000000000080360       0x10 c:/intelfpga_lite/20.1/nios2eds/bin/gnu/h-x86_64-mingw32/bin/../lib/gcc/nios2-elf/10.1.1/../../../../../H-x86_64-mingw32/nios2-elf/lib/mno-hw-mul\libc.a(lib_a-puts.o)
                0x0000000000080360                puts
 .text          0x0000000000080370        0x0 c:/intelfpga_lite/20.1/nios2eds/bin/gnu/h-x86_64-mingw32/bin/../lib/gcc/nios2-elf/10.1.1/../../../../../H-x86_64-mingw32/nios2-elf/lib/mno-hw-mul\libc.a(lib_a-strlen.o)
 .text.strlen   0x0000000000080370       0x98 c:/intelfpga_lite/20.1/nios2eds/bin/gnu/h-x86_64-mingw32/bin/../lib/gcc/nios2-elf/10.1.1/../../../../../H-x86_64-mingw32/nios2-elf/lib/mno-hw-mul\libc.a(lib_a-strlen.o)
                0x0000000000080370                strlen
 .text          0x0000000000080408        0x0 c:/intelfpga_lite/20.1/nios2eds/bin/gnu/h-x86_64-mingw32/bin/../lib/gcc/nios2-elf/10.1.1/../../../../../H-x86_64-mingw32/nios2-elf/lib/mno-hw-mul\libc.a(lib_a-findfp.o)
 .text.__fp_lock
                0x0000000000080408        0x8 c:/intelfpga_lite/20.1/nios2eds/bin/gnu/h-x86_64-mingw32/bin/../lib/gcc/nios2-elf/10.1.1/../../../../../H-x86_64-mingw32/nios2-elf/lib/mno-hw-mul\libc.a(lib_a-findfp.o)
 .text._cleanup_r
                0x0000000000080410        0xc c:/intelfpga_lite/20.1/nios2eds/bin/gnu/h-x86_64-mingw32/bin/../lib/gcc/nios2-elf/10.1.1/../../../../../H-x86_64-mingw32/nios2-elf/lib/mno-hw-mul\libc.a(lib_a-findfp.o)
                0x0000000000080410                _cleanup_r
 .text.__fp_unlock
                0x000000000008041c        0x8 c:/intelfpga_lite/20.1/nios2eds/bin/gnu/h-x86_64-mingw32/bin/../lib/gcc/nios2-elf/10.1.1/../../../../../H-x86_64-mingw32/nios2-elf/lib/mno-hw-mul\libc.a(lib_a-findfp.o)
 .text.__sinit.part.0
                0x0000000000080424      0x168 c:/intelfpga_lite/20.1/nios2eds/bin/gnu/h-x86_64-mingw32/bin/../lib/gcc/nios2-elf/10.1.1/../../../../../H-x86_64-mingw32/nios2-elf/lib/mno-hw-mul\libc.a(lib_a-findfp.o)
 .text.__sfmoreglue
                0x000000000008058c       0x78 c:/intelfpga_lite/20.1/nios2eds/bin/gnu/h-x86_64-mingw32/bin/../lib/gcc/nios2-elf/10.1.1/../../../../../H-x86_64-mingw32/nios2-elf/lib/mno-hw-mul\libc.a(lib_a-findfp.o)
                0x000000000008058c                __sfmoreglue
 .text.__sfp    0x0000000000080604      0x154 c:/intelfpga_lite/20.1/nios2eds/bin/gnu/h-x86_64-mingw32/bin/../lib/gcc/nios2-elf/10.1.1/../../../../../H-x86_64-mingw32/nios2-elf/lib/mno-hw-mul\libc.a(lib_a-findfp.o)
                0x0000000000080604                __sfp
 .text._cleanup
                0x0000000000080758       0x14 c:/intelfpga_lite/20.1/nios2eds/bin/gnu/h-x86_64-mingw32/bin/../lib/gcc/nios2-elf/10.1.1/../../../../../H-x86_64-mingw32/nios2-elf/lib/mno-hw-mul\libc.a(lib_a-findfp.o)
                0x0000000000080758                _cleanup
 .text.__sinit  0x000000000008076c       0x10 c:/intelfpga_lite/20.1/nios2eds/bin/gnu/h-x86_64-mingw32/bin/../lib/gcc/nios2-elf/10.1.1/../../../../../H-x86_64-mingw32/nios2-elf/lib/mno-hw-mul\libc.a(lib_a-findfp.o)
                0x000000000008076c                __sinit
 .text.__sfp_lock_acquire
                0x000000000008077c        0x4 c:/intelfpga_lite/20.1/nios2eds/bin/gnu/h-x86_64-mingw32/bin/../lib/gcc/nios2-elf/10.1.1/../../../../../H-x86_64-mingw32/nios2-elf/lib/mno-hw-mul\libc.a(lib_a-findfp.o)
                0x000000000008077c                __sfp_lock_acquire
 .text.__sfp_lock_release
                0x0000000000080780        0x4 c:/intelfpga_lite/20.1/nios2eds/bin/gnu/h-x86_64-mingw32/bin/../lib/gcc/nios2-elf/10.1.1/../../../../../H-x86_64-mingw32/nios2-elf/lib/mno-hw-mul\libc.a(lib_a-findfp.o)
                0x0000000000080780                __sfp_lock_release
 .text.__sinit_lock_acquire
                0x0000000000080784        0x4 c:/intelfpga_lite/20.1/nios2eds/bin/gnu/h-x86_64-mingw32/bin/../lib/gcc/nios2-elf/10.1.1/../../../../../H-x86_64-mingw32/nios2-elf/lib/mno-hw-mul\libc.a(lib_a-findfp.o)
                0x0000000000080784                __sinit_lock_acquire
 .text.__sinit_lock_release
                0x0000000000080788        0x4 c:/intelfpga_lite/20.1/nios2eds/bin/gnu/h-x86_64-mingw32/bin/../lib/gcc/nios2-elf/10.1.1/../../../../../H-x86_64-mingw32/nios2-elf/lib/mno-hw-mul\libc.a(lib_a-findfp.o)
                0x0000000000080788                __sinit_lock_release
 .text.__fp_lock_all
                0x000000000008078c       0x14 c:/intelfpga_lite/20.1/nios2eds/bin/gnu/h-x86_64-mingw32/bin/../lib/gcc/nios2-elf/10.1.1/../../../../../H-x86_64-mingw32/nios2-elf/lib/mno-hw-mul\libc.a(lib_a-findfp.o)
                0x000000000008078c                __fp_lock_all
 .text.__fp_unlock_all
                0x00000000000807a0       0x14 c:/intelfpga_lite/20.1/nios2eds/bin/gnu/h-x86_64-mingw32/bin/../lib/gcc/nios2-elf/10.1.1/../../../../../H-x86_64-mingw32/nios2-elf/lib/mno-hw-mul\libc.a(lib_a-findfp.o)
                0x00000000000807a0                __fp_unlock_all
 .text          0x00000000000807b4        0x0 c:/intelfpga_lite/20.1/nios2eds/bin/gnu/h-x86_64-mingw32/bin/../lib/gcc/nios2-elf/10.1.1/../../../../../H-x86_64-mingw32/nios2-elf/lib/mno-hw-mul\libc.a(lib_a-fvwrite.o)
 .text.__sfvwrite_r
                0x00000000000807b4      0x4c8 c:/intelfpga_lite/20.1/nios2eds/bin/gnu/h-x86_64-mingw32/bin/../lib/gcc/nios2-elf/10.1.1/../../../../../H-x86_64-mingw32/nios2-elf/lib/mno-hw-mul\libc.a(lib_a-fvwrite.o)
                0x00000000000807b4                __sfvwrite_r
 .text          0x0000000000080c7c        0x0 c:/intelfpga_lite/20.1/nios2eds/bin/gnu/h-x86_64-mingw32/bin/../lib/gcc/nios2-elf/10.1.1/../../../../../H-x86_64-mingw32/nios2-elf/lib/mno-hw-mul\libc.a(lib_a-fwalk.o)
 .text._fwalk   0x0000000000080c7c       0x98 c:/intelfpga_lite/20.1/nios2eds/bin/gnu/h-x86_64-mingw32/bin/../lib/gcc/nios2-elf/10.1.1/../../../../../H-x86_64-mingw32/nios2-elf/lib/mno-hw-mul\libc.a(lib_a-fwalk.o)
                0x0000000000080c7c                _fwalk
 .text._fwalk_reent
                0x0000000000080d14       0xa8 c:/intelfpga_lite/20.1/nios2eds/bin/gnu/h-x86_64-mingw32/bin/../lib/gcc/nios2-elf/10.1.1/../../../../../H-x86_64-mingw32/nios2-elf/lib/mno-hw-mul\libc.a(lib_a-fwalk.o)
                0x0000000000080d14                _fwalk_reent
 .text          0x0000000000080dbc        0x0 c:/intelfpga_lite/20.1/nios2eds/bin/gnu/h-x86_64-mingw32/bin/../lib/gcc/nios2-elf/10.1.1/../../../../../H-x86_64-mingw32/nios2-elf/lib/mno-hw-mul\libc.a(lib_a-impure.o)
 .text          0x0000000000080dbc        0x0 c:/intelfpga_lite/20.1/nios2eds/bin/gnu/h-x86_64-mingw32/bin/../lib/gcc/nios2-elf/10.1.1/../../../../../H-x86_64-mingw32/nios2-elf/lib/mno-hw-mul\libc.a(lib_a-mallocr.o)
 .text._malloc_r
                0x0000000000080dbc      0x7e0 c:/intelfpga_lite/20.1/nios2eds/bin/gnu/h-x86_64-mingw32/bin/../lib/gcc/nios2-elf/10.1.1/../../../../../H-x86_64-mingw32/nios2-elf/lib/mno-hw-mul\libc.a(lib_a-mallocr.o)
                0x0000000000080dbc                _malloc_r
 .text          0x000000000008159c        0x0 c:/intelfpga_lite/20.1/nios2eds/bin/gnu/h-x86_64-mingw32/bin/../lib/gcc/nios2-elf/10.1.1/../../../../../H-x86_64-mingw32/nios2-elf/lib/mno-hw-mul\libc.a(lib_a-memchr.o)
 .text.memchr   0x000000000008159c       0xd0 c:/intelfpga_lite/20.1/nios2eds/bin/gnu/h-x86_64-mingw32/bin/../lib/gcc/nios2-elf/10.1.1/../../../../../H-x86_64-mingw32/nios2-elf/lib/mno-hw-mul\libc.a(lib_a-memchr.o)
                0x000000000008159c                memchr
 .text          0x000000000008166c        0x0 c:/intelfpga_lite/20.1/nios2eds/bin/gnu/h-x86_64-mingw32/bin/../lib/gcc/nios2-elf/10.1.1/../../../../../H-x86_64-mingw32/nios2-elf/lib/mno-hw-mul\libc.a(lib_a-memcpy.o)
 .text.memcpy   0x000000000008166c      0x100 c:/intelfpga_lite/20.1/nios2eds/bin/gnu/h-x86_64-mingw32/bin/../lib/gcc/nios2-elf/10.1.1/../../../../../H-x86_64-mingw32/nios2-elf/lib/mno-hw-mul\libc.a(lib_a-memcpy.o)
                0x000000000008166c                memcpy
 .text          0x000000000008176c        0x0 c:/intelfpga_lite/20.1/nios2eds/bin/gnu/h-x86_64-mingw32/bin/../lib/gcc/nios2-elf/10.1.1/../../../../../H-x86_64-mingw32/nios2-elf/lib/mno-hw-mul\libc.a(lib_a-memmove.o)
 .text.memmove  0x000000000008176c      0x12c c:/intelfpga_lite/20.1/nios2eds/bin/gnu/h-x86_64-mingw32/bin/../lib/gcc/nios2-elf/10.1.1/../../../../../H-x86_64-mingw32/nios2-elf/lib/mno-hw-mul\libc.a(lib_a-memmove.o)
                0x000000000008176c                memmove
 .text          0x0000000000081898        0x0 c:/intelfpga_lite/20.1/nios2eds/bin/gnu/h-x86_64-mingw32/bin/../lib/gcc/nios2-elf/10.1.1/../../../../../H-x86_64-mingw32/nios2-elf/lib/mno-hw-mul\libc.a(lib_a-memset.o)
 .text.memset   0x0000000000081898       0xf0 c:/intelfpga_lite/20.1/nios2eds/bin/gnu/h-x86_64-mingw32/bin/../lib/gcc/nios2-elf/10.1.1/../../../../../H-x86_64-mingw32/nios2-elf/lib/mno-hw-mul\libc.a(lib_a-memset.o)
                0x0000000000081898                memset
 .text          0x0000000000081988        0x0 c:/intelfpga_lite/20.1/nios2eds/bin/gnu/h-x86_64-mingw32/bin/../lib/gcc/nios2-elf/10.1.1/../../../../../H-x86_64-mingw32/nios2-elf/lib/mno-hw-mul\libc.a(lib_a-reallocr.o)
 .text._realloc_r
                0x0000000000081988      0x564 c:/intelfpga_lite/20.1/nios2eds/bin/gnu/h-x86_64-mingw32/bin/../lib/gcc/nios2-elf/10.1.1/../../../../../H-x86_64-mingw32/nios2-elf/lib/mno-hw-mul\libc.a(lib_a-reallocr.o)
                0x0000000000081988                _realloc_r
 .text          0x0000000000081eec        0x0 c:/intelfpga_lite/20.1/nios2eds/bin/gnu/h-x86_64-mingw32/bin/../lib/gcc/nios2-elf/10.1.1/../../../../../H-x86_64-mingw32/nios2-elf/lib/mno-hw-mul\libc.a(lib_a-sbrkr.o)
 .text._sbrk_r  0x0000000000081eec       0x58 c:/intelfpga_lite/20.1/nios2eds/bin/gnu/h-x86_64-mingw32/bin/../lib/gcc/nios2-elf/10.1.1/../../../../../H-x86_64-mingw32/nios2-elf/lib/mno-hw-mul\libc.a(lib_a-sbrkr.o)
                0x0000000000081eec                _sbrk_r
 .text          0x0000000000081f44        0x0 c:/intelfpga_lite/20.1/nios2eds/bin/gnu/h-x86_64-mingw32/bin/../lib/gcc/nios2-elf/10.1.1/../../../../../H-x86_64-mingw32/nios2-elf/lib/mno-hw-mul\libc.a(lib_a-stdio.o)
 .text.__sread  0x0000000000081f44       0x54 c:/intelfpga_lite/20.1/nios2eds/bin/gnu/h-x86_64-mingw32/bin/../lib/gcc/nios2-elf/10.1.1/../../../../../H-x86_64-mingw32/nios2-elf/lib/mno-hw-mul\libc.a(lib_a-stdio.o)
                0x0000000000081f44                __sread
 .text.__seofread
                0x0000000000081f98        0x8 c:/intelfpga_lite/20.1/nios2eds/bin/gnu/h-x86_64-mingw32/bin/../lib/gcc/nios2-elf/10.1.1/../../../../../H-x86_64-mingw32/nios2-elf/lib/mno-hw-mul\libc.a(lib_a-stdio.o)
                0x0000000000081f98                __seofread
 .text.__swrite
                0x0000000000081fa0       0x80 c:/intelfpga_lite/20.1/nios2eds/bin/gnu/h-x86_64-mingw32/bin/../lib/gcc/nios2-elf/10.1.1/../../../../../H-x86_64-mingw32/nios2-elf/lib/mno-hw-mul\libc.a(lib_a-stdio.o)
                0x0000000000081fa0                __swrite
 .text.__sseek  0x0000000000082020       0x5c c:/intelfpga_lite/20.1/nios2eds/bin/gnu/h-x86_64-mingw32/bin/../lib/gcc/nios2-elf/10.1.1/../../../../../H-x86_64-mingw32/nios2-elf/lib/mno-hw-mul\libc.a(lib_a-stdio.o)
                0x0000000000082020                __sseek
 .text.__sclose
                0x000000000008207c        0x8 c:/intelfpga_lite/20.1/nios2eds/bin/gnu/h-x86_64-mingw32/bin/../lib/gcc/nios2-elf/10.1.1/../../../../../H-x86_64-mingw32/nios2-elf/lib/mno-hw-mul\libc.a(lib_a-stdio.o)
                0x000000000008207c                __sclose
 .text          0x0000000000082084        0x0 c:/intelfpga_lite/20.1/nios2eds/bin/gnu/h-x86_64-mingw32/bin/../lib/gcc/nios2-elf/10.1.1/../../../../../H-x86_64-mingw32/nios2-elf/lib/mno-hw-mul\libc.a(lib_a-writer.o)
 .text._write_r
                0x0000000000082084       0x64 c:/intelfpga_lite/20.1/nios2eds/bin/gnu/h-x86_64-mingw32/bin/../lib/gcc/nios2-elf/10.1.1/../../../../../H-x86_64-mingw32/nios2-elf/lib/mno-hw-mul\libc.a(lib_a-writer.o)
                0x0000000000082084                _write_r
 .text          0x00000000000820e8        0x0 c:/intelfpga_lite/20.1/nios2eds/bin/gnu/h-x86_64-mingw32/bin/../lib/gcc/nios2-elf/10.1.1/../../../../../H-x86_64-mingw32/nios2-elf/lib/mno-hw-mul\libc.a(lib_a-wsetup.o)
 .text.__swsetup_r
                0x00000000000820e8      0x164 c:/intelfpga_lite/20.1/nios2eds/bin/gnu/h-x86_64-mingw32/bin/../lib/gcc/nios2-elf/10.1.1/../../../../../H-x86_64-mingw32/nios2-elf/lib/mno-hw-mul\libc.a(lib_a-wsetup.o)
                0x00000000000820e8                __swsetup_r
 .text          0x000000000008224c        0x0 c:/intelfpga_lite/20.1/nios2eds/bin/gnu/h-x86_64-mingw32/bin/../lib/gcc/nios2-elf/10.1.1/../../../../../H-x86_64-mingw32/nios2-elf/lib/mno-hw-mul\libc.a(closer.o)
 .text._close_r
                0x000000000008224c       0x58 c:/intelfpga_lite/20.1/nios2eds/bin/gnu/h-x86_64-mingw32/bin/../lib/gcc/nios2-elf/10.1.1/../../../../../H-x86_64-mingw32/nios2-elf/lib/mno-hw-mul\libc.a(closer.o)
                0x000000000008224c                _close_r
 .text          0x00000000000822a4        0x0 c:/intelfpga_lite/20.1/nios2eds/bin/gnu/h-x86_64-mingw32/bin/../lib/gcc/nios2-elf/10.1.1/../../../../../H-x86_64-mingw32/nios2-elf/lib/mno-hw-mul\libc.a(lib_a-fclose.o)
 .text._fclose_r.part.0
                0x00000000000822a4       0xc0 c:/intelfpga_lite/20.1/nios2eds/bin/gnu/h-x86_64-mingw32/bin/../lib/gcc/nios2-elf/10.1.1/../../../../../H-x86_64-mingw32/nios2-elf/lib/mno-hw-mul\libc.a(lib_a-fclose.o)
 .text._fclose_r
                0x0000000000082364       0x70 c:/intelfpga_lite/20.1/nios2eds/bin/gnu/h-x86_64-mingw32/bin/../lib/gcc/nios2-elf/10.1.1/../../../../../H-x86_64-mingw32/nios2-elf/lib/mno-hw-mul\libc.a(lib_a-fclose.o)
                0x0000000000082364                _fclose_r
 .text.fclose   0x00000000000823d4       0x70 c:/intelfpga_lite/20.1/nios2eds/bin/gnu/h-x86_64-mingw32/bin/../lib/gcc/nios2-elf/10.1.1/../../../../../H-x86_64-mingw32/nios2-elf/lib/mno-hw-mul\libc.a(lib_a-fclose.o)
                0x00000000000823d4                fclose
 .text          0x0000000000082444        0x0 c:/intelfpga_lite/20.1/nios2eds/bin/gnu/h-x86_64-mingw32/bin/../lib/gcc/nios2-elf/10.1.1/../../../../../H-x86_64-mingw32/nios2-elf/lib/mno-hw-mul\libc.a(lib_a-fflush.o)
 .text.__sflush_r
                0x0000000000082444      0x228 c:/intelfpga_lite/20.1/nios2eds/bin/gnu/h-x86_64-mingw32/bin/../lib/gcc/nios2-elf/10.1.1/../../../../../H-x86_64-mingw32/nios2-elf/lib/mno-hw-mul\libc.a(lib_a-fflush.o)
                0x0000000000082444                __sflush_r
 .text._fflush_r
                0x000000000008266c       0x60 c:/intelfpga_lite/20.1/nios2eds/bin/gnu/h-x86_64-mingw32/bin/../lib/gcc/nios2-elf/10.1.1/../../../../../H-x86_64-mingw32/nios2-elf/lib/mno-hw-mul\libc.a(lib_a-fflush.o)
                0x000000000008266c                _fflush_r
 .text.fflush   0x00000000000826cc       0x84 c:/intelfpga_lite/20.1/nios2eds/bin/gnu/h-x86_64-mingw32/bin/../lib/gcc/nios2-elf/10.1.1/../../../../../H-x86_64-mingw32/nios2-elf/lib/mno-hw-mul\libc.a(lib_a-fflush.o)
                0x00000000000826cc                fflush
 .text          0x0000000000082750        0x0 c:/intelfpga_lite/20.1/nios2eds/bin/gnu/h-x86_64-mingw32/bin/../lib/gcc/nios2-elf/10.1.1/../../../../../H-x86_64-mingw32/nios2-elf/lib/mno-hw-mul\libc.a(lib_a-freer.o)
 .text._malloc_trim_r
                0x0000000000082750      0x11c c:/intelfpga_lite/20.1/nios2eds/bin/gnu/h-x86_64-mingw32/bin/../lib/gcc/nios2-elf/10.1.1/../../../../../H-x86_64-mingw32/nios2-elf/lib/mno-hw-mul\libc.a(lib_a-freer.o)
                0x0000000000082750                _malloc_trim_r
 .text._free_r  0x000000000008286c      0x2fc c:/intelfpga_lite/20.1/nios2eds/bin/gnu/h-x86_64-mingw32/bin/../lib/gcc/nios2-elf/10.1.1/../../../../../H-x86_64-mingw32/nios2-elf/lib/mno-hw-mul\libc.a(lib_a-freer.o)
                0x000000000008286c                _free_r
 .text          0x0000000000082b68        0x0 c:/intelfpga_lite/20.1/nios2eds/bin/gnu/h-x86_64-mingw32/bin/../lib/gcc/nios2-elf/10.1.1/../../../../../H-x86_64-mingw32/nios2-elf/lib/mno-hw-mul\libc.a(lib_a-int_errno.o)
 .text          0x0000000000082b68        0x0 c:/intelfpga_lite/20.1/nios2eds/bin/gnu/h-x86_64-mingw32/bin/../lib/gcc/nios2-elf/10.1.1/../../../../../H-x86_64-mingw32/nios2-elf/lib/mno-hw-mul\libc.a(lib_a-lseekr.o)
 .text._lseek_r
                0x0000000000082b68       0x64 c:/intelfpga_lite/20.1/nios2eds/bin/gnu/h-x86_64-mingw32/bin/../lib/gcc/nios2-elf/10.1.1/../../../../../H-x86_64-mingw32/nios2-elf/lib/mno-hw-mul\libc.a(lib_a-lseekr.o)
                0x0000000000082b68                _lseek_r
 .text          0x0000000000082bcc        0x0 c:/intelfpga_lite/20.1/nios2eds/bin/gnu/h-x86_64-mingw32/bin/../lib/gcc/nios2-elf/10.1.1/../../../../../H-x86_64-mingw32/nios2-elf/lib/mno-hw-mul\libc.a(lib_a-makebuf.o)
 .text.__smakebuf_r
                0x0000000000082bcc      0x1b0 c:/intelfpga_lite/20.1/nios2eds/bin/gnu/h-x86_64-mingw32/bin/../lib/gcc/nios2-elf/10.1.1/../../../../../H-x86_64-mingw32/nios2-elf/lib/mno-hw-mul\libc.a(lib_a-makebuf.o)
                0x0000000000082bcc                __smakebuf_r
 .text.__swhatbuf_r
                0x0000000000082d7c       0x98 c:/intelfpga_lite/20.1/nios2eds/bin/gnu/h-x86_64-mingw32/bin/../lib/gcc/nios2-elf/10.1.1/../../../../../H-x86_64-mingw32/nios2-elf/lib/mno-hw-mul\libc.a(lib_a-makebuf.o)
                0x0000000000082d7c                __swhatbuf_r
 .text          0x0000000000082e14        0x0 c:/intelfpga_lite/20.1/nios2eds/bin/gnu/h-x86_64-mingw32/bin/../lib/gcc/nios2-elf/10.1.1/../../../../../H-x86_64-mingw32/nios2-elf/lib/mno-hw-mul\libc.a(lib_a-readr.o)
 .text._read_r  0x0000000000082e14       0x64 c:/intelfpga_lite/20.1/nios2eds/bin/gnu/h-x86_64-mingw32/bin/../lib/gcc/nios2-elf/10.1.1/../../../../../H-x86_64-mingw32/nios2-elf/lib/mno-hw-mul\libc.a(lib_a-readr.o)
                0x0000000000082e14                _read_r
 .text          0x0000000000082e78        0x0 c:/intelfpga_lite/20.1/nios2eds/bin/gnu/h-x86_64-mingw32/bin/../lib/gcc/nios2-elf/10.1.1/../../../../../H-x86_64-mingw32/nios2-elf/lib/mno-hw-mul\libc.a(lib_a-fstatr.o)
 .text._fstat_r
                0x0000000000082e78       0x60 c:/intelfpga_lite/20.1/nios2eds/bin/gnu/h-x86_64-mingw32/bin/../lib/gcc/nios2-elf/10.1.1/../../../../../H-x86_64-mingw32/nios2-elf/lib/mno-hw-mul\libc.a(lib_a-fstatr.o)
                0x0000000000082e78                _fstat_r
 .text          0x0000000000082ed8        0x0 c:/intelfpga_lite/20.1/nios2eds/bin/gnu/h-x86_64-mingw32/bin/../lib/gcc/nios2-elf/10.1.1/../../../../../H-x86_64-mingw32/nios2-elf/lib/mno-hw-mul\libc.a(lib_a-isattyr.o)
 .text._isatty_r
                0x0000000000082ed8       0x58 c:/intelfpga_lite/20.1/nios2eds/bin/gnu/h-x86_64-mingw32/bin/../lib/gcc/nios2-elf/10.1.1/../../../../../H-x86_64-mingw32/nios2-elf/lib/mno-hw-mul\libc.a(lib_a-isattyr.o)
                0x0000000000082ed8                _isatty_r
 .text          0x0000000000082f30      0x1b4 c:/intelfpga_lite/20.1/nios2eds/bin/gnu/h-x86_64-mingw32/bin/../lib/gcc/nios2-elf/10.1.1/mno-hw-mul\libgcc.a(lib2-divmod.o)
                0x0000000000082f30                __divsi3
                0x0000000000082fb0                __modsi3
                0x0000000000083024                __udivsi3
                0x0000000000083088                __umodsi3
 .text          0x00000000000830e4       0x28 c:/intelfpga_lite/20.1/nios2eds/bin/gnu/h-x86_64-mingw32/bin/../lib/gcc/nios2-elf/10.1.1/mno-hw-mul\libgcc.a(lib2-mul.o)
                0x00000000000830e4                __mulsi3
 .text          0x000000000008310c      0x118 c:/Users/Administrador/Documents/Sistemas_Digitais_II/nios2/software/gerador_pwm_bsp/\libhal_bsp.a(alt_close.o)
                0x0000000000083148                close
 .text          0x0000000000083224       0x2c c:/Users/Administrador/Documents/Sistemas_Digitais_II/nios2/software/gerador_pwm_bsp/\libhal_bsp.a(alt_dev.o)
 .text          0x0000000000083250        0x0 c:/Users/Administrador/Documents/Sistemas_Digitais_II/nios2/software/gerador_pwm_bsp/\libhal_bsp.a(alt_errno.o)
 .text          0x0000000000083250       0xf8 c:/Users/Administrador/Documents/Sistemas_Digitais_II/nios2/software/gerador_pwm_bsp/\libhal_bsp.a(alt_fstat.o)
                0x000000000008328c                fstat
 .text          0x0000000000083348       0xec c:/Users/Administrador/Documents/Sistemas_Digitais_II/nios2/software/gerador_pwm_bsp/\libhal_bsp.a(alt_isatty.o)
                0x0000000000083384                isatty
 .text          0x0000000000083434       0xec c:/Users/Administrador/Documents/Sistemas_Digitais_II/nios2/software/gerador_pwm_bsp/\libhal_bsp.a(alt_load.o)
                0x000000000008349c                alt_load
 .text          0x0000000000083520      0x11c c:/Users/Administrador/Documents/Sistemas_Digitais_II/nios2/software/gerador_pwm_bsp/\libhal_bsp.a(alt_lseek.o)
                0x000000000008355c                lseek
 .text          0x000000000008363c       0x7c c:/Users/Administrador/Documents/Sistemas_Digitais_II/nios2/software/gerador_pwm_bsp/\libhal_bsp.a(alt_main.o)
                0x000000000008363c                alt_main
 .text          0x00000000000836b8       0x48 c:/Users/Administrador/Documents/Sistemas_Digitais_II/nios2/software/gerador_pwm_bsp/\libhal_bsp.a(alt_malloc_lock.o)
                0x00000000000836b8                __malloc_lock
                0x00000000000836dc                __malloc_unlock
 .text          0x0000000000083700      0x144 c:/Users/Administrador/Documents/Sistemas_Digitais_II/nios2/software/gerador_pwm_bsp/\libhal_bsp.a(alt_read.o)
                0x000000000008373c                read
 .text          0x0000000000083844       0x70 c:/Users/Administrador/Documents/Sistemas_Digitais_II/nios2/software/gerador_pwm_bsp/\libhal_bsp.a(alt_release_fd.o)
                0x0000000000083844                alt_release_fd
 .text          0x00000000000838b4       0xb8 c:/Users/Administrador/Documents/Sistemas_Digitais_II/nios2/software/gerador_pwm_bsp/\libhal_bsp.a(alt_sbrk.o)
                0x00000000000838b4                sbrk
 .text          0x000000000008396c      0x140 c:/Users/Administrador/Documents/Sistemas_Digitais_II/nios2/software/gerador_pwm_bsp/\libhal_bsp.a(alt_write.o)
                0x00000000000839a8                write
 .text          0x0000000000083aac       0xd4 c:/Users/Administrador/Documents/Sistemas_Digitais_II/nios2/software/gerador_pwm_bsp/\libhal_bsp.a(alt_sys_init.o)
                0x0000000000083ae0                alt_irq_init
                0x0000000000083b1c                alt_sys_init
 .text          0x0000000000083b80      0x164 c:/Users/Administrador/Documents/Sistemas_Digitais_II/nios2/software/gerador_pwm_bsp/\libhal_bsp.a(altera_avalon_jtag_uart_fd.o)
                0x0000000000083b80                altera_avalon_jtag_uart_read_fd
                0x0000000000083be0                altera_avalon_jtag_uart_write_fd
                0x0000000000083c40                altera_avalon_jtag_uart_close_fd
                0x0000000000083c90                altera_avalon_jtag_uart_ioctl_fd
 .text          0x0000000000083ce4      0x3d4 c:/Users/Administrador/Documents/Sistemas_Digitais_II/nios2/software/gerador_pwm_bsp/\libhal_bsp.a(altera_avalon_jtag_uart_init.o)
                0x0000000000083ce4                altera_avalon_jtag_uart_init
                0x0000000000084050                altera_avalon_jtag_uart_close
 .text          0x00000000000840b8       0xf4 c:/Users/Administrador/Documents/Sistemas_Digitais_II/nios2/software/gerador_pwm_bsp/\libhal_bsp.a(altera_avalon_jtag_uart_ioctl.o)
                0x00000000000840b8                altera_avalon_jtag_uart_ioctl
 .text          0x00000000000841ac      0x220 c:/Users/Administrador/Documents/Sistemas_Digitais_II/nios2/software/gerador_pwm_bsp/\libhal_bsp.a(altera_avalon_jtag_uart_read.o)
                0x00000000000841ac                altera_avalon_jtag_uart_read
 .text          0x00000000000843cc      0x228 c:/Users/Administrador/Documents/Sistemas_Digitais_II/nios2/software/gerador_pwm_bsp/\libhal_bsp.a(altera_avalon_jtag_uart_write.o)
                0x00000000000843cc                altera_avalon_jtag_uart_write
 .text          0x00000000000845f4      0x100 c:/Users/Administrador/Documents/Sistemas_Digitais_II/nios2/software/gerador_pwm_bsp/\libhal_bsp.a(altera_avalon_timer_sc.o)
                0x0000000000084670                alt_avalon_timer_sc_init
 .text          0x00000000000846f4      0x134 c:/Users/Administrador/Documents/Sistemas_Digitais_II/nios2/software/gerador_pwm_bsp/\libhal_bsp.a(alt_alarm_start.o)
                0x00000000000846f4                alt_alarm_start
 .text          0x0000000000084828       0x20 c:/Users/Administrador/Documents/Sistemas_Digitais_II/nios2/software/gerador_pwm_bsp/\libhal_bsp.a(alt_dcache_flush_all.o)
                0x0000000000084828                alt_dcache_flush_all
 .text          0x0000000000084848       0xe4 c:/Users/Administrador/Documents/Sistemas_Digitais_II/nios2/software/gerador_pwm_bsp/\libhal_bsp.a(alt_dev_llist_insert.o)
                0x0000000000084884                alt_dev_llist_insert
 .text          0x000000000008492c       0x64 c:/Users/Administrador/Documents/Sistemas_Digitais_II/nios2/software/gerador_pwm_bsp/\libhal_bsp.a(alt_do_ctors.o)
                0x000000000008492c                _do_ctors
 .text          0x0000000000084990       0x64 c:/Users/Administrador/Documents/Sistemas_Digitais_II/nios2/software/gerador_pwm_bsp/\libhal_bsp.a(alt_do_dtors.o)
                0x0000000000084990                _do_dtors
 .text          0x00000000000849f4       0x20 c:/Users/Administrador/Documents/Sistemas_Digitais_II/nios2/software/gerador_pwm_bsp/\libhal_bsp.a(alt_icache_flush_all.o)
                0x00000000000849f4                alt_icache_flush_all
 .text          0x0000000000084a14      0x1b0 c:/Users/Administrador/Documents/Sistemas_Digitais_II/nios2/software/gerador_pwm_bsp/\libhal_bsp.a(alt_iic.o)
                0x0000000000084a14                alt_ic_isr_register
                0x0000000000084a64                alt_ic_irq_enable
                0x0000000000084aec                alt_ic_irq_disable
                0x0000000000084b78                alt_ic_irq_enabled
 .text          0x0000000000084bc4       0xe8 c:/Users/Administrador/Documents/Sistemas_Digitais_II/nios2/software/gerador_pwm_bsp/\libhal_bsp.a(alt_iic_isr_register.o)
                0x0000000000084bc4                alt_iic_isr_register
 .text          0x0000000000084cac      0x150 c:/Users/Administrador/Documents/Sistemas_Digitais_II/nios2/software/gerador_pwm_bsp/\libhal_bsp.a(alt_io_redirect.o)
                0x0000000000084d80                alt_io_redirect
 .text          0x0000000000084dfc        0x0 c:/Users/Administrador/Documents/Sistemas_Digitais_II/nios2/software/gerador_pwm_bsp/\libhal_bsp.a(alt_irq_entry.o)
 .text          0x0000000000084dfc        0x0 c:/Users/Administrador/Documents/Sistemas_Digitais_II/nios2/software/gerador_pwm_bsp/\libhal_bsp.a(alt_irq_handler.o)
 .text          0x0000000000084dfc        0x0 c:/Users/Administrador/Documents/Sistemas_Digitais_II/nios2/software/gerador_pwm_bsp/\libhal_bsp.a(alt_irq_vars.o)
 .text          0x0000000000084dfc      0x278 c:/Users/Administrador/Documents/Sistemas_Digitais_II/nios2/software/gerador_pwm_bsp/\libhal_bsp.a(alt_open.o)
                0x0000000000084f14                open
 .text          0x0000000000085074      0x1ac c:/Users/Administrador/Documents/Sistemas_Digitais_II/nios2/software/gerador_pwm_bsp/\libhal_bsp.a(alt_tick.o)
                0x0000000000085074                alt_alarm_stop
                0x0000000000085118                alt_tick
 .text          0x0000000000085220       0x24 c:/Users/Administrador/Documents/Sistemas_Digitais_II/nios2/software/gerador_pwm_bsp/\libhal_bsp.a(altera_nios2_gen2_irq.o)
                0x0000000000085220                altera_nios2_gen2_irq_init
 .text          0x0000000000085244        0x0 c:/Users/Administrador/Documents/Sistemas_Digitais_II/nios2/software/gerador_pwm_bsp/\libhal_bsp.a(alt_exception_entry.o)
 .text          0x0000000000085244       0x90 c:/Users/Administrador/Documents/Sistemas_Digitais_II/nios2/software/gerador_pwm_bsp/\libhal_bsp.a(alt_find_dev.o)
                0x0000000000085244                alt_find_dev
 .text          0x00000000000852d4      0x108 c:/Users/Administrador/Documents/Sistemas_Digitais_II/nios2/software/gerador_pwm_bsp/\libhal_bsp.a(alt_find_file.o)
                0x00000000000852d4                alt_find_file
 .text          0x00000000000853dc       0xb8 c:/Users/Administrador/Documents/Sistemas_Digitais_II/nios2/software/gerador_pwm_bsp/\libhal_bsp.a(alt_get_fd.o)
                0x00000000000853dc                alt_get_fd
 .text          0x0000000000085494       0x98 c:/Users/Administrador/Documents/Sistemas_Digitais_II/nios2/software/gerador_pwm_bsp/\libhal_bsp.a(alt_instruction_exception_entry.o)
                0x0000000000085494                alt_exception_cause_generated_bad_addr
 .text          0x000000000008552c        0x0 c:/intelfpga_lite/20.1/nios2eds/bin/gnu/h-x86_64-mingw32/bin/../lib/gcc/nios2-elf/10.1.1/../../../../../H-x86_64-mingw32/nios2-elf/lib/mno-hw-mul\libc.a(lib_a-atexit.o)
 .text.atexit   0x000000000008552c       0x14 c:/intelfpga_lite/20.1/nios2eds/bin/gnu/h-x86_64-mingw32/bin/../lib/gcc/nios2-elf/10.1.1/../../../../../H-x86_64-mingw32/nios2-elf/lib/mno-hw-mul\libc.a(lib_a-atexit.o)
                0x000000000008552c                atexit
 .text          0x0000000000085540        0x0 c:/intelfpga_lite/20.1/nios2eds/bin/gnu/h-x86_64-mingw32/bin/../lib/gcc/nios2-elf/10.1.1/../../../../../H-x86_64-mingw32/nios2-elf/lib/mno-hw-mul\libc.a(lib_a-exit.o)
 .text.exit     0x0000000000085540       0x34 c:/intelfpga_lite/20.1/nios2eds/bin/gnu/h-x86_64-mingw32/bin/../lib/gcc/nios2-elf/10.1.1/../../../../../H-x86_64-mingw32/nios2-elf/lib/mno-hw-mul\libc.a(lib_a-exit.o)
                0x0000000000085540                exit
 .text          0x0000000000085574        0x0 c:/intelfpga_lite/20.1/nios2eds/bin/gnu/h-x86_64-mingw32/bin/../lib/gcc/nios2-elf/10.1.1/../../../../../H-x86_64-mingw32/nios2-elf/lib/mno-hw-mul\libc.a(lib_a-memcmp.o)
 .text.memcmp   0x0000000000085574       0x78 c:/intelfpga_lite/20.1/nios2eds/bin/gnu/h-x86_64-mingw32/bin/../lib/gcc/nios2-elf/10.1.1/../../../../../H-x86_64-mingw32/nios2-elf/lib/mno-hw-mul\libc.a(lib_a-memcmp.o)
                0x0000000000085574                memcmp
 .text          0x00000000000855ec        0x0 c:/intelfpga_lite/20.1/nios2eds/bin/gnu/h-x86_64-mingw32/bin/../lib/gcc/nios2-elf/10.1.1/../../../../../H-x86_64-mingw32/nios2-elf/lib/mno-hw-mul\libc.a(lib_a-__atexit.o)
 .text.__register_exitproc
                0x00000000000855ec       0x90 c:/intelfpga_lite/20.1/nios2eds/bin/gnu/h-x86_64-mingw32/bin/../lib/gcc/nios2-elf/10.1.1/../../../../../H-x86_64-mingw32/nios2-elf/lib/mno-hw-mul\libc.a(lib_a-__atexit.o)
                0x00000000000855ec                __register_exitproc
 .text          0x000000000008567c        0x0 c:/intelfpga_lite/20.1/nios2eds/bin/gnu/h-x86_64-mingw32/bin/../lib/gcc/nios2-elf/10.1.1/../../../../../H-x86_64-mingw32/nios2-elf/lib/mno-hw-mul\libc.a(lib_a-__call_atexit.o)
 .text.__call_exitprocs
                0x000000000008567c      0x120 c:/intelfpga_lite/20.1/nios2eds/bin/gnu/h-x86_64-mingw32/bin/../lib/gcc/nios2-elf/10.1.1/../../../../../H-x86_64-mingw32/nios2-elf/lib/mno-hw-mul\libc.a(lib_a-__call_atexit.o)
                0x000000000008567c                __call_exitprocs
 .text          0x000000000008579c       0x38 c:/Users/Administrador/Documents/Sistemas_Digitais_II/nios2/software/gerador_pwm_bsp/\libhal_bsp.a(alt_exit.o)
                0x000000000008579c                _exit
 *(.gnu.warning.*)
 *(.fini)
                [!provide]                        PROVIDE (__etext = ABSOLUTE (.))
                [!provide]                        PROVIDE (_etext = ABSOLUTE (.))
                [!provide]                        PROVIDE (etext = ABSOLUTE (.))
 *(.eh_frame_hdr)
                0x00000000000857d4                . = ALIGN (0x4)
                [!provide]                        PROVIDE (__preinit_array_start = ABSOLUTE (.))
 *(.preinit_array)
                [!provide]                        PROVIDE (__preinit_array_end = ABSOLUTE (.))
                [!provide]                        PROVIDE (__init_array_start = ABSOLUTE (.))
 *(.init_array)
                [!provide]                        PROVIDE (__init_array_end = ABSOLUTE (.))
                [!provide]                        PROVIDE (__fini_array_start = ABSOLUTE (.))
 *(.fini_array)
                [!provide]                        PROVIDE (__fini_array_end = ABSOLUTE (.))
 *(.eh_frame)
 *(.gcc_except_table .gcc_except_table.*)
 *(.dynamic)
                0x00000000000857d4                PROVIDE (__CTOR_LIST__ = ABSOLUTE (.))
 *(.ctors)
 *(SORT_BY_NAME(.ctors.*))
                0x00000000000857d4                PROVIDE (__CTOR_END__ = ABSOLUTE (.))
                0x00000000000857d4                PROVIDE (__DTOR_LIST__ = ABSOLUTE (.))
 *(.dtors)
 *(SORT_BY_NAME(.dtors.*))
                0x00000000000857d4                PROVIDE (__DTOR_END__ = ABSOLUTE (.))
 *(.jcr)
                0x00000000000857d4                . = ALIGN (0x4)

.rodata         0x00000000000857d4       0x44
                0x00000000000857d4                PROVIDE (__ram_rodata_start = ABSOLUTE (.))
                0x00000000000857d4                . = ALIGN (0x4)
 *(.rodata .rodata.* .gnu.linkonce.r.*)
 .rodata        0x00000000000857d4       0x14 obj/default/hello_world.o
 .rodata._puts_r.str1.4
                0x00000000000857e8        0x2 c:/intelfpga_lite/20.1/nios2eds/bin/gnu/h-x86_64-mingw32/bin/../lib/gcc/nios2-elf/10.1.1/../../../../../H-x86_64-mingw32/nios2-elf/lib/mno-hw-mul\libc.a(lib_a-puts.o)
 *fill*         0x00000000000857ea        0x2 
 .rodata        0x00000000000857ec        0xa c:/Users/Administrador/Documents/Sistemas_Digitais_II/nios2/software/gerador_pwm_bsp/\libhal_bsp.a(alt_dev.o)
 *fill*         0x00000000000857f6        0x2 
 .rodata        0x00000000000857f8        0xf c:/Users/Administrador/Documents/Sistemas_Digitais_II/nios2/software/gerador_pwm_bsp/\libhal_bsp.a(alt_main.o)
 *fill*         0x0000000000085807        0x1 
 .rodata        0x0000000000085808        0xf c:/Users/Administrador/Documents/Sistemas_Digitais_II/nios2/software/gerador_pwm_bsp/\libhal_bsp.a(alt_sys_init.o)
 *(.rodata1)
                0x0000000000085818                . = ALIGN (0x4)
 *fill*         0x0000000000085817        0x1 
                0x0000000000085818                PROVIDE (__ram_rodata_end = ABSOLUTE (.))
                0x00000000000857d4                PROVIDE (__flash_rodata_start = LOADADDR (.rodata))

.rwdata         0x0000000000085818     0x1a6c load address 0x0000000000087284
                0x0000000000085818                PROVIDE (__ram_rwdata_start = ABSOLUTE (.))
                0x0000000000085818                . = ALIGN (0x4)
 *(.got.plt)
 *(.got)
 *(.data1)
 *(.data .data.* .gnu.linkonce.d.*)
 .data          0x0000000000085818        0x0 c:/Users/Administrador/Documents/Sistemas_Digitais_II/nios2/software/gerador_pwm_bsp//obj/HAL/src/crt0.o
 .data          0x0000000000085818        0x0 obj/default/hello_world.o
 .data          0x0000000000085818        0x0 c:/intelfpga_lite/20.1/nios2eds/bin/gnu/h-x86_64-mingw32/bin/../lib/gcc/nios2-elf/10.1.1/../../../../../H-x86_64-mingw32/nios2-elf/lib/mno-hw-mul\libc.a(lib_a-puts.o)
 .data          0x0000000000085818        0x0 c:/intelfpga_lite/20.1/nios2eds/bin/gnu/h-x86_64-mingw32/bin/../lib/gcc/nios2-elf/10.1.1/../../../../../H-x86_64-mingw32/nios2-elf/lib/mno-hw-mul\libc.a(lib_a-strlen.o)
 .data          0x0000000000085818        0x0 c:/intelfpga_lite/20.1/nios2eds/bin/gnu/h-x86_64-mingw32/bin/../lib/gcc/nios2-elf/10.1.1/../../../../../H-x86_64-mingw32/nios2-elf/lib/mno-hw-mul\libc.a(lib_a-findfp.o)
 .data          0x0000000000085818        0x0 c:/intelfpga_lite/20.1/nios2eds/bin/gnu/h-x86_64-mingw32/bin/../lib/gcc/nios2-elf/10.1.1/../../../../../H-x86_64-mingw32/nios2-elf/lib/mno-hw-mul\libc.a(lib_a-fvwrite.o)
 .data          0x0000000000085818        0x0 c:/intelfpga_lite/20.1/nios2eds/bin/gnu/h-x86_64-mingw32/bin/../lib/gcc/nios2-elf/10.1.1/../../../../../H-x86_64-mingw32/nios2-elf/lib/mno-hw-mul\libc.a(lib_a-fwalk.o)
 .data          0x0000000000085818        0x0 c:/intelfpga_lite/20.1/nios2eds/bin/gnu/h-x86_64-mingw32/bin/../lib/gcc/nios2-elf/10.1.1/../../../../../H-x86_64-mingw32/nios2-elf/lib/mno-hw-mul\libc.a(lib_a-impure.o)
 .data.impure_data
                0x0000000000085818      0x424 c:/intelfpga_lite/20.1/nios2eds/bin/gnu/h-x86_64-mingw32/bin/../lib/gcc/nios2-elf/10.1.1/../../../../../H-x86_64-mingw32/nios2-elf/lib/mno-hw-mul\libc.a(lib_a-impure.o)
 .data          0x0000000000085c3c        0x0 c:/intelfpga_lite/20.1/nios2eds/bin/gnu/h-x86_64-mingw32/bin/../lib/gcc/nios2-elf/10.1.1/../../../../../H-x86_64-mingw32/nios2-elf/lib/mno-hw-mul\libc.a(lib_a-mallocr.o)
 .data.__malloc_av_
                0x0000000000085c3c      0x408 c:/intelfpga_lite/20.1/nios2eds/bin/gnu/h-x86_64-mingw32/bin/../lib/gcc/nios2-elf/10.1.1/../../../../../H-x86_64-mingw32/nios2-elf/lib/mno-hw-mul\libc.a(lib_a-mallocr.o)
                0x0000000000085c3c                __malloc_av_
 .data          0x0000000000086044        0x0 c:/intelfpga_lite/20.1/nios2eds/bin/gnu/h-x86_64-mingw32/bin/../lib/gcc/nios2-elf/10.1.1/../../../../../H-x86_64-mingw32/nios2-elf/lib/mno-hw-mul\libc.a(lib_a-memchr.o)
 .data          0x0000000000086044        0x0 c:/intelfpga_lite/20.1/nios2eds/bin/gnu/h-x86_64-mingw32/bin/../lib/gcc/nios2-elf/10.1.1/../../../../../H-x86_64-mingw32/nios2-elf/lib/mno-hw-mul\libc.a(lib_a-memcpy.o)
 .data          0x0000000000086044        0x0 c:/intelfpga_lite/20.1/nios2eds/bin/gnu/h-x86_64-mingw32/bin/../lib/gcc/nios2-elf/10.1.1/../../../../../H-x86_64-mingw32/nios2-elf/lib/mno-hw-mul\libc.a(lib_a-memmove.o)
 .data          0x0000000000086044        0x0 c:/intelfpga_lite/20.1/nios2eds/bin/gnu/h-x86_64-mingw32/bin/../lib/gcc/nios2-elf/10.1.1/../../../../../H-x86_64-mingw32/nios2-elf/lib/mno-hw-mul\libc.a(lib_a-memset.o)
 .data          0x0000000000086044        0x0 c:/intelfpga_lite/20.1/nios2eds/bin/gnu/h-x86_64-mingw32/bin/../lib/gcc/nios2-elf/10.1.1/../../../../../H-x86_64-mingw32/nios2-elf/lib/mno-hw-mul\libc.a(lib_a-reallocr.o)
 .data          0x0000000000086044        0x0 c:/intelfpga_lite/20.1/nios2eds/bin/gnu/h-x86_64-mingw32/bin/../lib/gcc/nios2-elf/10.1.1/../../../../../H-x86_64-mingw32/nios2-elf/lib/mno-hw-mul\libc.a(lib_a-sbrkr.o)
 .data          0x0000000000086044        0x0 c:/intelfpga_lite/20.1/nios2eds/bin/gnu/h-x86_64-mingw32/bin/../lib/gcc/nios2-elf/10.1.1/../../../../../H-x86_64-mingw32/nios2-elf/lib/mno-hw-mul\libc.a(lib_a-stdio.o)
 .data          0x0000000000086044        0x0 c:/intelfpga_lite/20.1/nios2eds/bin/gnu/h-x86_64-mingw32/bin/../lib/gcc/nios2-elf/10.1.1/../../../../../H-x86_64-mingw32/nios2-elf/lib/mno-hw-mul\libc.a(lib_a-writer.o)
 .data          0x0000000000086044        0x0 c:/intelfpga_lite/20.1/nios2eds/bin/gnu/h-x86_64-mingw32/bin/../lib/gcc/nios2-elf/10.1.1/../../../../../H-x86_64-mingw32/nios2-elf/lib/mno-hw-mul\libc.a(lib_a-wsetup.o)
 .data          0x0000000000086044        0x0 c:/intelfpga_lite/20.1/nios2eds/bin/gnu/h-x86_64-mingw32/bin/../lib/gcc/nios2-elf/10.1.1/../../../../../H-x86_64-mingw32/nios2-elf/lib/mno-hw-mul\libc.a(closer.o)
 .data          0x0000000000086044        0x0 c:/intelfpga_lite/20.1/nios2eds/bin/gnu/h-x86_64-mingw32/bin/../lib/gcc/nios2-elf/10.1.1/../../../../../H-x86_64-mingw32/nios2-elf/lib/mno-hw-mul\libc.a(lib_a-fclose.o)
 .data          0x0000000000086044        0x0 c:/intelfpga_lite/20.1/nios2eds/bin/gnu/h-x86_64-mingw32/bin/../lib/gcc/nios2-elf/10.1.1/../../../../../H-x86_64-mingw32/nios2-elf/lib/mno-hw-mul\libc.a(lib_a-fflush.o)
 .data          0x0000000000086044        0x0 c:/intelfpga_lite/20.1/nios2eds/bin/gnu/h-x86_64-mingw32/bin/../lib/gcc/nios2-elf/10.1.1/../../../../../H-x86_64-mingw32/nios2-elf/lib/mno-hw-mul\libc.a(lib_a-freer.o)
 .data          0x0000000000086044        0x0 c:/intelfpga_lite/20.1/nios2eds/bin/gnu/h-x86_64-mingw32/bin/../lib/gcc/nios2-elf/10.1.1/../../../../../H-x86_64-mingw32/nios2-elf/lib/mno-hw-mul\libc.a(lib_a-int_errno.o)
 .data          0x0000000000086044        0x0 c:/intelfpga_lite/20.1/nios2eds/bin/gnu/h-x86_64-mingw32/bin/../lib/gcc/nios2-elf/10.1.1/../../../../../H-x86_64-mingw32/nios2-elf/lib/mno-hw-mul\libc.a(lib_a-lseekr.o)
 .data          0x0000000000086044        0x0 c:/intelfpga_lite/20.1/nios2eds/bin/gnu/h-x86_64-mingw32/bin/../lib/gcc/nios2-elf/10.1.1/../../../../../H-x86_64-mingw32/nios2-elf/lib/mno-hw-mul\libc.a(lib_a-makebuf.o)
 .data          0x0000000000086044        0x0 c:/intelfpga_lite/20.1/nios2eds/bin/gnu/h-x86_64-mingw32/bin/../lib/gcc/nios2-elf/10.1.1/../../../../../H-x86_64-mingw32/nios2-elf/lib/mno-hw-mul\libc.a(lib_a-readr.o)
 .data          0x0000000000086044        0x0 c:/intelfpga_lite/20.1/nios2eds/bin/gnu/h-x86_64-mingw32/bin/../lib/gcc/nios2-elf/10.1.1/../../../../../H-x86_64-mingw32/nios2-elf/lib/mno-hw-mul\libc.a(lib_a-fstatr.o)
 .data          0x0000000000086044        0x0 c:/intelfpga_lite/20.1/nios2eds/bin/gnu/h-x86_64-mingw32/bin/../lib/gcc/nios2-elf/10.1.1/../../../../../H-x86_64-mingw32/nios2-elf/lib/mno-hw-mul\libc.a(lib_a-isattyr.o)
 .data          0x0000000000086044        0x0 c:/intelfpga_lite/20.1/nios2eds/bin/gnu/h-x86_64-mingw32/bin/../lib/gcc/nios2-elf/10.1.1/mno-hw-mul\libgcc.a(lib2-divmod.o)
 .data          0x0000000000086044        0x0 c:/intelfpga_lite/20.1/nios2eds/bin/gnu/h-x86_64-mingw32/bin/../lib/gcc/nios2-elf/10.1.1/mno-hw-mul\libgcc.a(lib2-mul.o)
 .data          0x0000000000086044        0x0 c:/Users/Administrador/Documents/Sistemas_Digitais_II/nios2/software/gerador_pwm_bsp/\libhal_bsp.a(alt_close.o)
 .data          0x0000000000086044      0x1a8 c:/Users/Administrador/Documents/Sistemas_Digitais_II/nios2/software/gerador_pwm_bsp/\libhal_bsp.a(alt_dev.o)
                0x0000000000086044                alt_dev_null
                0x000000000008606c                alt_fd_list
 .data          0x00000000000861ec        0x0 c:/Users/Administrador/Documents/Sistemas_Digitais_II/nios2/software/gerador_pwm_bsp/\libhal_bsp.a(alt_errno.o)
 .data          0x00000000000861ec        0x0 c:/Users/Administrador/Documents/Sistemas_Digitais_II/nios2/software/gerador_pwm_bsp/\libhal_bsp.a(alt_fstat.o)
 .data          0x00000000000861ec        0x0 c:/Users/Administrador/Documents/Sistemas_Digitais_II/nios2/software/gerador_pwm_bsp/\libhal_bsp.a(alt_isatty.o)
 .data          0x00000000000861ec        0x0 c:/Users/Administrador/Documents/Sistemas_Digitais_II/nios2/software/gerador_pwm_bsp/\libhal_bsp.a(alt_load.o)
 .data          0x00000000000861ec        0x0 c:/Users/Administrador/Documents/Sistemas_Digitais_II/nios2/software/gerador_pwm_bsp/\libhal_bsp.a(alt_lseek.o)
 .data          0x00000000000861ec        0x0 c:/Users/Administrador/Documents/Sistemas_Digitais_II/nios2/software/gerador_pwm_bsp/\libhal_bsp.a(alt_main.o)
 .data          0x00000000000861ec        0x0 c:/Users/Administrador/Documents/Sistemas_Digitais_II/nios2/software/gerador_pwm_bsp/\libhal_bsp.a(alt_malloc_lock.o)
 .data          0x00000000000861ec        0x0 c:/Users/Administrador/Documents/Sistemas_Digitais_II/nios2/software/gerador_pwm_bsp/\libhal_bsp.a(alt_read.o)
 .data          0x00000000000861ec        0x0 c:/Users/Administrador/Documents/Sistemas_Digitais_II/nios2/software/gerador_pwm_bsp/\libhal_bsp.a(alt_release_fd.o)
 .data          0x00000000000861ec        0x0 c:/Users/Administrador/Documents/Sistemas_Digitais_II/nios2/software/gerador_pwm_bsp/\libhal_bsp.a(alt_sbrk.o)
 .data          0x00000000000861ec        0x0 c:/Users/Administrador/Documents/Sistemas_Digitais_II/nios2/software/gerador_pwm_bsp/\libhal_bsp.a(alt_write.o)
 .data          0x00000000000861ec     0x1060 c:/Users/Administrador/Documents/Sistemas_Digitais_II/nios2/software/gerador_pwm_bsp/\libhal_bsp.a(alt_sys_init.o)
 .data          0x000000000008724c        0x0 c:/Users/Administrador/Documents/Sistemas_Digitais_II/nios2/software/gerador_pwm_bsp/\libhal_bsp.a(altera_avalon_jtag_uart_fd.o)
 .data          0x000000000008724c        0x0 c:/Users/Administrador/Documents/Sistemas_Digitais_II/nios2/software/gerador_pwm_bsp/\libhal_bsp.a(altera_avalon_jtag_uart_init.o)
 .data          0x000000000008724c        0x0 c:/Users/Administrador/Documents/Sistemas_Digitais_II/nios2/software/gerador_pwm_bsp/\libhal_bsp.a(altera_avalon_jtag_uart_ioctl.o)
 .data          0x000000000008724c        0x0 c:/Users/Administrador/Documents/Sistemas_Digitais_II/nios2/software/gerador_pwm_bsp/\libhal_bsp.a(altera_avalon_jtag_uart_read.o)
 .data          0x000000000008724c        0x0 c:/Users/Administrador/Documents/Sistemas_Digitais_II/nios2/software/gerador_pwm_bsp/\libhal_bsp.a(altera_avalon_jtag_uart_write.o)
 .data          0x000000000008724c        0x0 c:/Users/Administrador/Documents/Sistemas_Digitais_II/nios2/software/gerador_pwm_bsp/\libhal_bsp.a(altera_avalon_timer_sc.o)
 .data          0x000000000008724c        0x0 c:/Users/Administrador/Documents/Sistemas_Digitais_II/nios2/software/gerador_pwm_bsp/\libhal_bsp.a(alt_alarm_start.o)
 .data          0x000000000008724c        0x0 c:/Users/Administrador/Documents/Sistemas_Digitais_II/nios2/software/gerador_pwm_bsp/\libhal_bsp.a(alt_dcache_flush_all.o)
 .data          0x000000000008724c        0x0 c:/Users/Administrador/Documents/Sistemas_Digitais_II/nios2/software/gerador_pwm_bsp/\libhal_bsp.a(alt_dev_llist_insert.o)
 .data          0x000000000008724c        0x0 c:/Users/Administrador/Documents/Sistemas_Digitais_II/nios2/software/gerador_pwm_bsp/\libhal_bsp.a(alt_do_ctors.o)
 .data          0x000000000008724c        0x0 c:/Users/Administrador/Documents/Sistemas_Digitais_II/nios2/software/gerador_pwm_bsp/\libhal_bsp.a(alt_do_dtors.o)
 .data          0x000000000008724c        0x0 c:/Users/Administrador/Documents/Sistemas_Digitais_II/nios2/software/gerador_pwm_bsp/\libhal_bsp.a(alt_icache_flush_all.o)
 .data          0x000000000008724c        0x0 c:/Users/Administrador/Documents/Sistemas_Digitais_II/nios2/software/gerador_pwm_bsp/\libhal_bsp.a(alt_iic.o)
 .data          0x000000000008724c        0x0 c:/Users/Administrador/Documents/Sistemas_Digitais_II/nios2/software/gerador_pwm_bsp/\libhal_bsp.a(alt_iic_isr_register.o)
 .data          0x000000000008724c        0x0 c:/Users/Administrador/Documents/Sistemas_Digitais_II/nios2/software/gerador_pwm_bsp/\libhal_bsp.a(alt_io_redirect.o)
 .data          0x000000000008724c        0x0 c:/Users/Administrador/Documents/Sistemas_Digitais_II/nios2/software/gerador_pwm_bsp/\libhal_bsp.a(alt_irq_entry.o)
 .data          0x000000000008724c        0x0 c:/Users/Administrador/Documents/Sistemas_Digitais_II/nios2/software/gerador_pwm_bsp/\libhal_bsp.a(alt_irq_handler.o)
 .data          0x000000000008724c        0x0 c:/Users/Administrador/Documents/Sistemas_Digitais_II/nios2/software/gerador_pwm_bsp/\libhal_bsp.a(alt_irq_vars.o)
 .data          0x000000000008724c        0x0 c:/Users/Administrador/Documents/Sistemas_Digitais_II/nios2/software/gerador_pwm_bsp/\libhal_bsp.a(alt_open.o)
 .data          0x000000000008724c        0x0 c:/Users/Administrador/Documents/Sistemas_Digitais_II/nios2/software/gerador_pwm_bsp/\libhal_bsp.a(alt_tick.o)
 .data          0x000000000008724c        0x0 c:/Users/Administrador/Documents/Sistemas_Digitais_II/nios2/software/gerador_pwm_bsp/\libhal_bsp.a(altera_nios2_gen2_irq.o)
 .data          0x000000000008724c        0x0 c:/Users/Administrador/Documents/Sistemas_Digitais_II/nios2/software/gerador_pwm_bsp/\libhal_bsp.a(alt_exception_entry.o)
 .data          0x000000000008724c        0x0 c:/Users/Administrador/Documents/Sistemas_Digitais_II/nios2/software/gerador_pwm_bsp/\libhal_bsp.a(alt_find_dev.o)
 .data          0x000000000008724c        0x0 c:/Users/Administrador/Documents/Sistemas_Digitais_II/nios2/software/gerador_pwm_bsp/\libhal_bsp.a(alt_find_file.o)
 .data          0x000000000008724c        0x0 c:/Users/Administrador/Documents/Sistemas_Digitais_II/nios2/software/gerador_pwm_bsp/\libhal_bsp.a(alt_get_fd.o)
 .data          0x000000000008724c        0x0 c:/Users/Administrador/Documents/Sistemas_Digitais_II/nios2/software/gerador_pwm_bsp/\libhal_bsp.a(alt_instruction_exception_entry.o)
 .data          0x000000000008724c        0x0 c:/intelfpga_lite/20.1/nios2eds/bin/gnu/h-x86_64-mingw32/bin/../lib/gcc/nios2-elf/10.1.1/../../../../../H-x86_64-mingw32/nios2-elf/lib/mno-hw-mul\libc.a(lib_a-atexit.o)
 .data          0x000000000008724c        0x0 c:/intelfpga_lite/20.1/nios2eds/bin/gnu/h-x86_64-mingw32/bin/../lib/gcc/nios2-elf/10.1.1/../../../../../H-x86_64-mingw32/nios2-elf/lib/mno-hw-mul\libc.a(lib_a-exit.o)
 .data          0x000000000008724c        0x0 c:/intelfpga_lite/20.1/nios2eds/bin/gnu/h-x86_64-mingw32/bin/../lib/gcc/nios2-elf/10.1.1/../../../../../H-x86_64-mingw32/nios2-elf/lib/mno-hw-mul\libc.a(lib_a-memcmp.o)
 .data          0x000000000008724c        0x0 c:/intelfpga_lite/20.1/nios2eds/bin/gnu/h-x86_64-mingw32/bin/../lib/gcc/nios2-elf/10.1.1/../../../../../H-x86_64-mingw32/nios2-elf/lib/mno-hw-mul\libc.a(lib_a-__atexit.o)
 .data          0x000000000008724c        0x0 c:/intelfpga_lite/20.1/nios2eds/bin/gnu/h-x86_64-mingw32/bin/../lib/gcc/nios2-elf/10.1.1/../../../../../H-x86_64-mingw32/nios2-elf/lib/mno-hw-mul\libc.a(lib_a-__call_atexit.o)
 .data          0x000000000008724c        0x0 c:/Users/Administrador/Documents/Sistemas_Digitais_II/nios2/software/gerador_pwm_bsp/\libhal_bsp.a(alt_exit.o)
                0x000000000008f24c                _gp = ABSOLUTE ((. + 0x8000))
                [!provide]                        PROVIDE (gp = _gp)
 *(.rwdata .rwdata.*)
 *(.sdata .sdata.* .gnu.linkonce.s.*)
 .sdata._global_impure_ptr
                0x000000000008724c        0x4 c:/intelfpga_lite/20.1/nios2eds/bin/gnu/h-x86_64-mingw32/bin/../lib/gcc/nios2-elf/10.1.1/../../../../../H-x86_64-mingw32/nios2-elf/lib/mno-hw-mul\libc.a(lib_a-impure.o)
                0x000000000008724c                _global_impure_ptr
 .sdata._impure_ptr
                0x0000000000087250        0x4 c:/intelfpga_lite/20.1/nios2eds/bin/gnu/h-x86_64-mingw32/bin/../lib/gcc/nios2-elf/10.1.1/../../../../../H-x86_64-mingw32/nios2-elf/lib/mno-hw-mul\libc.a(lib_a-impure.o)
                0x0000000000087250                _impure_ptr
 .sdata.__malloc_sbrk_base
                0x0000000000087254        0x4 c:/intelfpga_lite/20.1/nios2eds/bin/gnu/h-x86_64-mingw32/bin/../lib/gcc/nios2-elf/10.1.1/../../../../../H-x86_64-mingw32/nios2-elf/lib/mno-hw-mul\libc.a(lib_a-mallocr.o)
                0x0000000000087254                __malloc_sbrk_base
 .sdata.__malloc_trim_threshold
                0x0000000000087258        0x4 c:/intelfpga_lite/20.1/nios2eds/bin/gnu/h-x86_64-mingw32/bin/../lib/gcc/nios2-elf/10.1.1/../../../../../H-x86_64-mingw32/nios2-elf/lib/mno-hw-mul\libc.a(lib_a-mallocr.o)
                0x0000000000087258                __malloc_trim_threshold
 .sdata         0x000000000008725c       0x14 c:/Users/Administrador/Documents/Sistemas_Digitais_II/nios2/software/gerador_pwm_bsp/\libhal_bsp.a(alt_dev.o)
                0x000000000008725c                alt_fs_list
                0x0000000000087264                alt_dev_list
                0x000000000008726c                alt_max_fd
 .sdata         0x0000000000087270        0x4 c:/Users/Administrador/Documents/Sistemas_Digitais_II/nios2/software/gerador_pwm_bsp/\libhal_bsp.a(alt_errno.o)
                0x0000000000087270                alt_errno
 .sdata         0x0000000000087274        0x4 c:/Users/Administrador/Documents/Sistemas_Digitais_II/nios2/software/gerador_pwm_bsp/\libhal_bsp.a(alt_sbrk.o)
 .sdata         0x0000000000087278        0x4 c:/Users/Administrador/Documents/Sistemas_Digitais_II/nios2/software/gerador_pwm_bsp/\libhal_bsp.a(alt_irq_vars.o)
                0x0000000000087278                alt_priority_mask
 .sdata         0x000000000008727c        0x8 c:/Users/Administrador/Documents/Sistemas_Digitais_II/nios2/software/gerador_pwm_bsp/\libhal_bsp.a(alt_tick.o)
                0x000000000008727c                alt_alarm_list
 *(.sdata2 .sdata2.* .gnu.linkonce.s2.*)
                0x0000000000087284                . = ALIGN (0x4)
                0x0000000000087284                _edata = ABSOLUTE (.)
                [!provide]                        PROVIDE (edata = ABSOLUTE (.))
                0x0000000000087284                PROVIDE (__ram_rwdata_end = ABSOLUTE (.))
                0x0000000000087284                PROVIDE (__flash_rwdata_start = LOADADDR (.rwdata))

.bss            0x0000000000088cf0      0x154
                0x0000000000088cf0                __bss_start = ABSOLUTE (.)
                [!provide]                        PROVIDE (__sbss_start = ABSOLUTE (.))
                [!provide]                        PROVIDE (___sbss_start = ABSOLUTE (.))
 *(.dynsbss)
 *(.sbss .sbss.* .gnu.linkonce.sb.*)
 .sbss.__malloc_max_total_mem
                0x0000000000088cf0        0x4 c:/intelfpga_lite/20.1/nios2eds/bin/gnu/h-x86_64-mingw32/bin/../lib/gcc/nios2-elf/10.1.1/../../../../../H-x86_64-mingw32/nios2-elf/lib/mno-hw-mul\libc.a(lib_a-mallocr.o)
                0x0000000000088cf0                __malloc_max_total_mem
 .sbss.__malloc_max_sbrked_mem
                0x0000000000088cf4        0x4 c:/intelfpga_lite/20.1/nios2eds/bin/gnu/h-x86_64-mingw32/bin/../lib/gcc/nios2-elf/10.1.1/../../../../../H-x86_64-mingw32/nios2-elf/lib/mno-hw-mul\libc.a(lib_a-mallocr.o)
                0x0000000000088cf4                __malloc_max_sbrked_mem
 .sbss.__malloc_top_pad
                0x0000000000088cf8        0x4 c:/intelfpga_lite/20.1/nios2eds/bin/gnu/h-x86_64-mingw32/bin/../lib/gcc/nios2-elf/10.1.1/../../../../../H-x86_64-mingw32/nios2-elf/lib/mno-hw-mul\libc.a(lib_a-mallocr.o)
                0x0000000000088cf8                __malloc_top_pad
 .sbss.errno    0x0000000000088cfc        0x4 c:/intelfpga_lite/20.1/nios2eds/bin/gnu/h-x86_64-mingw32/bin/../lib/gcc/nios2-elf/10.1.1/../../../../../H-x86_64-mingw32/nios2-elf/lib/mno-hw-mul\libc.a(lib_a-int_errno.o)
                0x0000000000088cfc                errno
 .sbss          0x0000000000088d00        0xc c:/Users/Administrador/Documents/Sistemas_Digitais_II/nios2/software/gerador_pwm_bsp/\libhal_bsp.a(alt_main.o)
                0x0000000000088d00                alt_argc
                0x0000000000088d04                alt_argv
                0x0000000000088d08                alt_envp
 .sbss          0x0000000000088d0c        0x4 c:/Users/Administrador/Documents/Sistemas_Digitais_II/nios2/software/gerador_pwm_bsp/\libhal_bsp.a(alt_irq_vars.o)
                0x0000000000088d0c                alt_irq_active
 .sbss          0x0000000000088d10        0x8 c:/Users/Administrador/Documents/Sistemas_Digitais_II/nios2/software/gerador_pwm_bsp/\libhal_bsp.a(alt_tick.o)
                0x0000000000088d10                _alt_tick_rate
                0x0000000000088d14                _alt_nticks
 .sbss          0x0000000000088d18        0x4 c:/Users/Administrador/Documents/Sistemas_Digitais_II/nios2/software/gerador_pwm_bsp/\libhal_bsp.a(alt_instruction_exception_entry.o)
                0x0000000000088d18                alt_instruction_exception_handler
 *(.sbss2 .sbss2.* .gnu.linkonce.sb2.*)
 *(.scommon)
                [!provide]                        PROVIDE (__sbss_end = ABSOLUTE (.))
                [!provide]                        PROVIDE (___sbss_end = ABSOLUTE (.))
 *(.dynbss)
 *(.bss .bss.* .gnu.linkonce.b.*)
 .bss           0x0000000000088d1c        0x0 c:/Users/Administrador/Documents/Sistemas_Digitais_II/nios2/software/gerador_pwm_bsp//obj/HAL/src/crt0.o
 .bss           0x0000000000088d1c        0x0 obj/default/hello_world.o
 .bss           0x0000000000088d1c        0x0 c:/intelfpga_lite/20.1/nios2eds/bin/gnu/h-x86_64-mingw32/bin/../lib/gcc/nios2-elf/10.1.1/../../../../../H-x86_64-mingw32/nios2-elf/lib/mno-hw-mul\libc.a(lib_a-puts.o)
 .bss           0x0000000000088d1c        0x0 c:/intelfpga_lite/20.1/nios2eds/bin/gnu/h-x86_64-mingw32/bin/../lib/gcc/nios2-elf/10.1.1/../../../../../H-x86_64-mingw32/nios2-elf/lib/mno-hw-mul\libc.a(lib_a-strlen.o)
 .bss           0x0000000000088d1c        0x0 c:/intelfpga_lite/20.1/nios2eds/bin/gnu/h-x86_64-mingw32/bin/../lib/gcc/nios2-elf/10.1.1/../../../../../H-x86_64-mingw32/nios2-elf/lib/mno-hw-mul\libc.a(lib_a-findfp.o)
 .bss           0x0000000000088d1c        0x0 c:/intelfpga_lite/20.1/nios2eds/bin/gnu/h-x86_64-mingw32/bin/../lib/gcc/nios2-elf/10.1.1/../../../../../H-x86_64-mingw32/nios2-elf/lib/mno-hw-mul\libc.a(lib_a-fvwrite.o)
 .bss           0x0000000000088d1c        0x0 c:/intelfpga_lite/20.1/nios2eds/bin/gnu/h-x86_64-mingw32/bin/../lib/gcc/nios2-elf/10.1.1/../../../../../H-x86_64-mingw32/nios2-elf/lib/mno-hw-mul\libc.a(lib_a-fwalk.o)
 .bss           0x0000000000088d1c        0x0 c:/intelfpga_lite/20.1/nios2eds/bin/gnu/h-x86_64-mingw32/bin/../lib/gcc/nios2-elf/10.1.1/../../../../../H-x86_64-mingw32/nios2-elf/lib/mno-hw-mul\libc.a(lib_a-impure.o)
 .bss           0x0000000000088d1c        0x0 c:/intelfpga_lite/20.1/nios2eds/bin/gnu/h-x86_64-mingw32/bin/../lib/gcc/nios2-elf/10.1.1/../../../../../H-x86_64-mingw32/nios2-elf/lib/mno-hw-mul\libc.a(lib_a-mallocr.o)
 .bss.__malloc_current_mallinfo
                0x0000000000088d1c       0x28 c:/intelfpga_lite/20.1/nios2eds/bin/gnu/h-x86_64-mingw32/bin/../lib/gcc/nios2-elf/10.1.1/../../../../../H-x86_64-mingw32/nios2-elf/lib/mno-hw-mul\libc.a(lib_a-mallocr.o)
                0x0000000000088d1c                __malloc_current_mallinfo
 .bss           0x0000000000088d44        0x0 c:/intelfpga_lite/20.1/nios2eds/bin/gnu/h-x86_64-mingw32/bin/../lib/gcc/nios2-elf/10.1.1/../../../../../H-x86_64-mingw32/nios2-elf/lib/mno-hw-mul\libc.a(lib_a-memchr.o)
 .bss           0x0000000000088d44        0x0 c:/intelfpga_lite/20.1/nios2eds/bin/gnu/h-x86_64-mingw32/bin/../lib/gcc/nios2-elf/10.1.1/../../../../../H-x86_64-mingw32/nios2-elf/lib/mno-hw-mul\libc.a(lib_a-memcpy.o)
 .bss           0x0000000000088d44        0x0 c:/intelfpga_lite/20.1/nios2eds/bin/gnu/h-x86_64-mingw32/bin/../lib/gcc/nios2-elf/10.1.1/../../../../../H-x86_64-mingw32/nios2-elf/lib/mno-hw-mul\libc.a(lib_a-memmove.o)
 .bss           0x0000000000088d44        0x0 c:/intelfpga_lite/20.1/nios2eds/bin/gnu/h-x86_64-mingw32/bin/../lib/gcc/nios2-elf/10.1.1/../../../../../H-x86_64-mingw32/nios2-elf/lib/mno-hw-mul\libc.a(lib_a-memset.o)
 .bss           0x0000000000088d44        0x0 c:/intelfpga_lite/20.1/nios2eds/bin/gnu/h-x86_64-mingw32/bin/../lib/gcc/nios2-elf/10.1.1/../../../../../H-x86_64-mingw32/nios2-elf/lib/mno-hw-mul\libc.a(lib_a-reallocr.o)
 .bss           0x0000000000088d44        0x0 c:/intelfpga_lite/20.1/nios2eds/bin/gnu/h-x86_64-mingw32/bin/../lib/gcc/nios2-elf/10.1.1/../../../../../H-x86_64-mingw32/nios2-elf/lib/mno-hw-mul\libc.a(lib_a-sbrkr.o)
 .bss           0x0000000000088d44        0x0 c:/intelfpga_lite/20.1/nios2eds/bin/gnu/h-x86_64-mingw32/bin/../lib/gcc/nios2-elf/10.1.1/../../../../../H-x86_64-mingw32/nios2-elf/lib/mno-hw-mul\libc.a(lib_a-stdio.o)
 .bss           0x0000000000088d44        0x0 c:/intelfpga_lite/20.1/nios2eds/bin/gnu/h-x86_64-mingw32/bin/../lib/gcc/nios2-elf/10.1.1/../../../../../H-x86_64-mingw32/nios2-elf/lib/mno-hw-mul\libc.a(lib_a-writer.o)
 .bss           0x0000000000088d44        0x0 c:/intelfpga_lite/20.1/nios2eds/bin/gnu/h-x86_64-mingw32/bin/../lib/gcc/nios2-elf/10.1.1/../../../../../H-x86_64-mingw32/nios2-elf/lib/mno-hw-mul\libc.a(lib_a-wsetup.o)
 .bss           0x0000000000088d44        0x0 c:/intelfpga_lite/20.1/nios2eds/bin/gnu/h-x86_64-mingw32/bin/../lib/gcc/nios2-elf/10.1.1/../../../../../H-x86_64-mingw32/nios2-elf/lib/mno-hw-mul\libc.a(closer.o)
 .bss           0x0000000000088d44        0x0 c:/intelfpga_lite/20.1/nios2eds/bin/gnu/h-x86_64-mingw32/bin/../lib/gcc/nios2-elf/10.1.1/../../../../../H-x86_64-mingw32/nios2-elf/lib/mno-hw-mul\libc.a(lib_a-fclose.o)
 .bss           0x0000000000088d44        0x0 c:/intelfpga_lite/20.1/nios2eds/bin/gnu/h-x86_64-mingw32/bin/../lib/gcc/nios2-elf/10.1.1/../../../../../H-x86_64-mingw32/nios2-elf/lib/mno-hw-mul\libc.a(lib_a-fflush.o)
 .bss           0x0000000000088d44        0x0 c:/intelfpga_lite/20.1/nios2eds/bin/gnu/h-x86_64-mingw32/bin/../lib/gcc/nios2-elf/10.1.1/../../../../../H-x86_64-mingw32/nios2-elf/lib/mno-hw-mul\libc.a(lib_a-freer.o)
 .bss           0x0000000000088d44        0x0 c:/intelfpga_lite/20.1/nios2eds/bin/gnu/h-x86_64-mingw32/bin/../lib/gcc/nios2-elf/10.1.1/../../../../../H-x86_64-mingw32/nios2-elf/lib/mno-hw-mul\libc.a(lib_a-int_errno.o)
 .bss           0x0000000000088d44        0x0 c:/intelfpga_lite/20.1/nios2eds/bin/gnu/h-x86_64-mingw32/bin/../lib/gcc/nios2-elf/10.1.1/../../../../../H-x86_64-mingw32/nios2-elf/lib/mno-hw-mul\libc.a(lib_a-lseekr.o)
 .bss           0x0000000000088d44        0x0 c:/intelfpga_lite/20.1/nios2eds/bin/gnu/h-x86_64-mingw32/bin/../lib/gcc/nios2-elf/10.1.1/../../../../../H-x86_64-mingw32/nios2-elf/lib/mno-hw-mul\libc.a(lib_a-makebuf.o)
 .bss           0x0000000000088d44        0x0 c:/intelfpga_lite/20.1/nios2eds/bin/gnu/h-x86_64-mingw32/bin/../lib/gcc/nios2-elf/10.1.1/../../../../../H-x86_64-mingw32/nios2-elf/lib/mno-hw-mul\libc.a(lib_a-readr.o)
 .bss           0x0000000000088d44        0x0 c:/intelfpga_lite/20.1/nios2eds/bin/gnu/h-x86_64-mingw32/bin/../lib/gcc/nios2-elf/10.1.1/../../../../../H-x86_64-mingw32/nios2-elf/lib/mno-hw-mul\libc.a(lib_a-fstatr.o)
 .bss           0x0000000000088d44        0x0 c:/intelfpga_lite/20.1/nios2eds/bin/gnu/h-x86_64-mingw32/bin/../lib/gcc/nios2-elf/10.1.1/../../../../../H-x86_64-mingw32/nios2-elf/lib/mno-hw-mul\libc.a(lib_a-isattyr.o)
 .bss           0x0000000000088d44        0x0 c:/intelfpga_lite/20.1/nios2eds/bin/gnu/h-x86_64-mingw32/bin/../lib/gcc/nios2-elf/10.1.1/mno-hw-mul\libgcc.a(lib2-divmod.o)
 .bss           0x0000000000088d44        0x0 c:/intelfpga_lite/20.1/nios2eds/bin/gnu/h-x86_64-mingw32/bin/../lib/gcc/nios2-elf/10.1.1/mno-hw-mul\libgcc.a(lib2-mul.o)
 .bss           0x0000000000088d44        0x0 c:/Users/Administrador/Documents/Sistemas_Digitais_II/nios2/software/gerador_pwm_bsp/\libhal_bsp.a(alt_close.o)
 .bss           0x0000000000088d44        0x0 c:/Users/Administrador/Documents/Sistemas_Digitais_II/nios2/software/gerador_pwm_bsp/\libhal_bsp.a(alt_dev.o)
 .bss           0x0000000000088d44        0x0 c:/Users/Administrador/Documents/Sistemas_Digitais_II/nios2/software/gerador_pwm_bsp/\libhal_bsp.a(alt_errno.o)
 .bss           0x0000000000088d44        0x0 c:/Users/Administrador/Documents/Sistemas_Digitais_II/nios2/software/gerador_pwm_bsp/\libhal_bsp.a(alt_fstat.o)
 .bss           0x0000000000088d44        0x0 c:/Users/Administrador/Documents/Sistemas_Digitais_II/nios2/software/gerador_pwm_bsp/\libhal_bsp.a(alt_isatty.o)
 .bss           0x0000000000088d44        0x0 c:/Users/Administrador/Documents/Sistemas_Digitais_II/nios2/software/gerador_pwm_bsp/\libhal_bsp.a(alt_load.o)
 .bss           0x0000000000088d44        0x0 c:/Users/Administrador/Documents/Sistemas_Digitais_II/nios2/software/gerador_pwm_bsp/\libhal_bsp.a(alt_lseek.o)
 .bss           0x0000000000088d44        0x0 c:/Users/Administrador/Documents/Sistemas_Digitais_II/nios2/software/gerador_pwm_bsp/\libhal_bsp.a(alt_main.o)
 .bss           0x0000000000088d44        0x0 c:/Users/Administrador/Documents/Sistemas_Digitais_II/nios2/software/gerador_pwm_bsp/\libhal_bsp.a(alt_malloc_lock.o)
 .bss           0x0000000000088d44        0x0 c:/Users/Administrador/Documents/Sistemas_Digitais_II/nios2/software/gerador_pwm_bsp/\libhal_bsp.a(alt_read.o)
 .bss           0x0000000000088d44        0x0 c:/Users/Administrador/Documents/Sistemas_Digitais_II/nios2/software/gerador_pwm_bsp/\libhal_bsp.a(alt_release_fd.o)
 .bss           0x0000000000088d44        0x0 c:/Users/Administrador/Documents/Sistemas_Digitais_II/nios2/software/gerador_pwm_bsp/\libhal_bsp.a(alt_sbrk.o)
 .bss           0x0000000000088d44        0x0 c:/Users/Administrador/Documents/Sistemas_Digitais_II/nios2/software/gerador_pwm_bsp/\libhal_bsp.a(alt_write.o)
 .bss           0x0000000000088d44        0x0 c:/Users/Administrador/Documents/Sistemas_Digitais_II/nios2/software/gerador_pwm_bsp/\libhal_bsp.a(alt_sys_init.o)
 .bss           0x0000000000088d44        0x0 c:/Users/Administrador/Documents/Sistemas_Digitais_II/nios2/software/gerador_pwm_bsp/\libhal_bsp.a(altera_avalon_jtag_uart_fd.o)
 .bss           0x0000000000088d44        0x0 c:/Users/Administrador/Documents/Sistemas_Digitais_II/nios2/software/gerador_pwm_bsp/\libhal_bsp.a(altera_avalon_jtag_uart_init.o)
 .bss           0x0000000000088d44        0x0 c:/Users/Administrador/Documents/Sistemas_Digitais_II/nios2/software/gerador_pwm_bsp/\libhal_bsp.a(altera_avalon_jtag_uart_ioctl.o)
 .bss           0x0000000000088d44        0x0 c:/Users/Administrador/Documents/Sistemas_Digitais_II/nios2/software/gerador_pwm_bsp/\libhal_bsp.a(altera_avalon_jtag_uart_read.o)
 .bss           0x0000000000088d44        0x0 c:/Users/Administrador/Documents/Sistemas_Digitais_II/nios2/software/gerador_pwm_bsp/\libhal_bsp.a(altera_avalon_jtag_uart_write.o)
 .bss           0x0000000000088d44        0x0 c:/Users/Administrador/Documents/Sistemas_Digitais_II/nios2/software/gerador_pwm_bsp/\libhal_bsp.a(altera_avalon_timer_sc.o)
 .bss           0x0000000000088d44        0x0 c:/Users/Administrador/Documents/Sistemas_Digitais_II/nios2/software/gerador_pwm_bsp/\libhal_bsp.a(alt_alarm_start.o)
 .bss           0x0000000000088d44        0x0 c:/Users/Administrador/Documents/Sistemas_Digitais_II/nios2/software/gerador_pwm_bsp/\libhal_bsp.a(alt_dcache_flush_all.o)
 .bss           0x0000000000088d44        0x0 c:/Users/Administrador/Documents/Sistemas_Digitais_II/nios2/software/gerador_pwm_bsp/\libhal_bsp.a(alt_dev_llist_insert.o)
 .bss           0x0000000000088d44        0x0 c:/Users/Administrador/Documents/Sistemas_Digitais_II/nios2/software/gerador_pwm_bsp/\libhal_bsp.a(alt_do_ctors.o)
 .bss           0x0000000000088d44        0x0 c:/Users/Administrador/Documents/Sistemas_Digitais_II/nios2/software/gerador_pwm_bsp/\libhal_bsp.a(alt_do_dtors.o)
 .bss           0x0000000000088d44        0x0 c:/Users/Administrador/Documents/Sistemas_Digitais_II/nios2/software/gerador_pwm_bsp/\libhal_bsp.a(alt_icache_flush_all.o)
 .bss           0x0000000000088d44        0x0 c:/Users/Administrador/Documents/Sistemas_Digitais_II/nios2/software/gerador_pwm_bsp/\libhal_bsp.a(alt_iic.o)
 .bss           0x0000000000088d44        0x0 c:/Users/Administrador/Documents/Sistemas_Digitais_II/nios2/software/gerador_pwm_bsp/\libhal_bsp.a(alt_iic_isr_register.o)
 .bss           0x0000000000088d44        0x0 c:/Users/Administrador/Documents/Sistemas_Digitais_II/nios2/software/gerador_pwm_bsp/\libhal_bsp.a(alt_io_redirect.o)
 .bss           0x0000000000088d44        0x0 c:/Users/Administrador/Documents/Sistemas_Digitais_II/nios2/software/gerador_pwm_bsp/\libhal_bsp.a(alt_irq_entry.o)
 .bss           0x0000000000088d44      0x100 c:/Users/Administrador/Documents/Sistemas_Digitais_II/nios2/software/gerador_pwm_bsp/\libhal_bsp.a(alt_irq_handler.o)
                0x0000000000088d44                alt_irq
 .bss           0x0000000000088e44        0x0 c:/Users/Administrador/Documents/Sistemas_Digitais_II/nios2/software/gerador_pwm_bsp/\libhal_bsp.a(alt_irq_vars.o)
 .bss           0x0000000000088e44        0x0 c:/Users/Administrador/Documents/Sistemas_Digitais_II/nios2/software/gerador_pwm_bsp/\libhal_bsp.a(alt_open.o)
 .bss           0x0000000000088e44        0x0 c:/Users/Administrador/Documents/Sistemas_Digitais_II/nios2/software/gerador_pwm_bsp/\libhal_bsp.a(alt_tick.o)
 .bss           0x0000000000088e44        0x0 c:/Users/Administrador/Documents/Sistemas_Digitais_II/nios2/software/gerador_pwm_bsp/\libhal_bsp.a(altera_nios2_gen2_irq.o)
 .bss           0x0000000000088e44        0x0 c:/Users/Administrador/Documents/Sistemas_Digitais_II/nios2/software/gerador_pwm_bsp/\libhal_bsp.a(alt_exception_entry.o)
 .bss           0x0000000000088e44        0x0 c:/Users/Administrador/Documents/Sistemas_Digitais_II/nios2/software/gerador_pwm_bsp/\libhal_bsp.a(alt_find_dev.o)
 .bss           0x0000000000088e44        0x0 c:/Users/Administrador/Documents/Sistemas_Digitais_II/nios2/software/gerador_pwm_bsp/\libhal_bsp.a(alt_find_file.o)
 .bss           0x0000000000088e44        0x0 c:/Users/Administrador/Documents/Sistemas_Digitais_II/nios2/software/gerador_pwm_bsp/\libhal_bsp.a(alt_get_fd.o)
 .bss           0x0000000000088e44        0x0 c:/Users/Administrador/Documents/Sistemas_Digitais_II/nios2/software/gerador_pwm_bsp/\libhal_bsp.a(alt_instruction_exception_entry.o)
 .bss           0x0000000000088e44        0x0 c:/intelfpga_lite/20.1/nios2eds/bin/gnu/h-x86_64-mingw32/bin/../lib/gcc/nios2-elf/10.1.1/../../../../../H-x86_64-mingw32/nios2-elf/lib/mno-hw-mul\libc.a(lib_a-atexit.o)
 .bss           0x0000000000088e44        0x0 c:/intelfpga_lite/20.1/nios2eds/bin/gnu/h-x86_64-mingw32/bin/../lib/gcc/nios2-elf/10.1.1/../../../../../H-x86_64-mingw32/nios2-elf/lib/mno-hw-mul\libc.a(lib_a-exit.o)
 .bss           0x0000000000088e44        0x0 c:/intelfpga_lite/20.1/nios2eds/bin/gnu/h-x86_64-mingw32/bin/../lib/gcc/nios2-elf/10.1.1/../../../../../H-x86_64-mingw32/nios2-elf/lib/mno-hw-mul\libc.a(lib_a-memcmp.o)
 .bss           0x0000000000088e44        0x0 c:/intelfpga_lite/20.1/nios2eds/bin/gnu/h-x86_64-mingw32/bin/../lib/gcc/nios2-elf/10.1.1/../../../../../H-x86_64-mingw32/nios2-elf/lib/mno-hw-mul\libc.a(lib_a-__atexit.o)
 .bss           0x0000000000088e44        0x0 c:/intelfpga_lite/20.1/nios2eds/bin/gnu/h-x86_64-mingw32/bin/../lib/gcc/nios2-elf/10.1.1/../../../../../H-x86_64-mingw32/nios2-elf/lib/mno-hw-mul\libc.a(lib_a-__call_atexit.o)
 .bss           0x0000000000088e44        0x0 c:/Users/Administrador/Documents/Sistemas_Digitais_II/nios2/software/gerador_pwm_bsp/\libhal_bsp.a(alt_exit.o)
 *(COMMON)
                0x0000000000088e44                . = ALIGN (0x4)
                0x0000000000088e44                __bss_end = ABSOLUTE (.)

.onchip_mem     0x0000000000088e44        0x0
                [!provide]                        PROVIDE (_alt_partition_onchip_mem_start = ABSOLUTE (.))
 *(.onchip_mem .onchip_mem. onchip_mem.*)
                0x0000000000088e44                . = ALIGN (0x4)
                [!provide]                        PROVIDE (_alt_partition_onchip_mem_end = ABSOLUTE (.))
                0x0000000000088e44                _end = ABSOLUTE (.)
                0x0000000000088e44                end = ABSOLUTE (.)
                0x0000000000088e44                __alt_stack_base = ABSOLUTE (.)
                [!provide]                        PROVIDE (_alt_partition_onchip_mem_load_addr = LOADADDR (.onchip_mem))

.stab
 *(.stab)

.stabstr
 *(.stabstr)

.stab.excl
 *(.stab.excl)

.stab.exclstr
 *(.stab.exclstr)

.stab.index
 *(.stab.index)

.stab.indexstr
 *(.stab.indexstr)

.comment        0x0000000000000000       0x2d
 *(.comment)
 .comment       0x0000000000000000       0x2d obj/default/hello_world.o
                                         0x2e (size before relaxing)
 .comment       0x000000000000002d       0x2e c:/intelfpga_lite/20.1/nios2eds/bin/gnu/h-x86_64-mingw32/bin/../lib/gcc/nios2-elf/10.1.1/../../../../../H-x86_64-mingw32/nios2-elf/lib/mno-hw-mul\libc.a(lib_a-puts.o)
 .comment       0x000000000000002d       0x2e c:/intelfpga_lite/20.1/nios2eds/bin/gnu/h-x86_64-mingw32/bin/../lib/gcc/nios2-elf/10.1.1/../../../../../H-x86_64-mingw32/nios2-elf/lib/mno-hw-mul\libc.a(lib_a-strlen.o)
 .comment       0x000000000000002d       0x2e c:/intelfpga_lite/20.1/nios2eds/bin/gnu/h-x86_64-mingw32/bin/../lib/gcc/nios2-elf/10.1.1/../../../../../H-x86_64-mingw32/nios2-elf/lib/mno-hw-mul\libc.a(lib_a-findfp.o)
 .comment       0x000000000000002d       0x2e c:/intelfpga_lite/20.1/nios2eds/bin/gnu/h-x86_64-mingw32/bin/../lib/gcc/nios2-elf/10.1.1/../../../../../H-x86_64-mingw32/nios2-elf/lib/mno-hw-mul\libc.a(lib_a-fvwrite.o)
 .comment       0x000000000000002d       0x2e c:/intelfpga_lite/20.1/nios2eds/bin/gnu/h-x86_64-mingw32/bin/../lib/gcc/nios2-elf/10.1.1/../../../../../H-x86_64-mingw32/nios2-elf/lib/mno-hw-mul\libc.a(lib_a-fwalk.o)
 .comment       0x000000000000002d       0x2e c:/intelfpga_lite/20.1/nios2eds/bin/gnu/h-x86_64-mingw32/bin/../lib/gcc/nios2-elf/10.1.1/../../../../../H-x86_64-mingw32/nios2-elf/lib/mno-hw-mul\libc.a(lib_a-impure.o)
 .comment       0x000000000000002d       0x2e c:/intelfpga_lite/20.1/nios2eds/bin/gnu/h-x86_64-mingw32/bin/../lib/gcc/nios2-elf/10.1.1/../../../../../H-x86_64-mingw32/nios2-elf/lib/mno-hw-mul\libc.a(lib_a-mallocr.o)
 .comment       0x000000000000002d       0x2e c:/intelfpga_lite/20.1/nios2eds/bin/gnu/h-x86_64-mingw32/bin/../lib/gcc/nios2-elf/10.1.1/../../../../../H-x86_64-mingw32/nios2-elf/lib/mno-hw-mul\libc.a(lib_a-memchr.o)
 .comment       0x000000000000002d       0x2e c:/intelfpga_lite/20.1/nios2eds/bin/gnu/h-x86_64-mingw32/bin/../lib/gcc/nios2-elf/10.1.1/../../../../../H-x86_64-mingw32/nios2-elf/lib/mno-hw-mul\libc.a(lib_a-memcpy.o)
 .comment       0x000000000000002d       0x2e c:/intelfpga_lite/20.1/nios2eds/bin/gnu/h-x86_64-mingw32/bin/../lib/gcc/nios2-elf/10.1.1/../../../../../H-x86_64-mingw32/nios2-elf/lib/mno-hw-mul\libc.a(lib_a-memmove.o)
 .comment       0x000000000000002d       0x2e c:/intelfpga_lite/20.1/nios2eds/bin/gnu/h-x86_64-mingw32/bin/../lib/gcc/nios2-elf/10.1.1/../../../../../H-x86_64-mingw32/nios2-elf/lib/mno-hw-mul\libc.a(lib_a-memset.o)
 .comment       0x000000000000002d       0x2e c:/intelfpga_lite/20.1/nios2eds/bin/gnu/h-x86_64-mingw32/bin/../lib/gcc/nios2-elf/10.1.1/../../../../../H-x86_64-mingw32/nios2-elf/lib/mno-hw-mul\libc.a(lib_a-reallocr.o)
 .comment       0x000000000000002d       0x2e c:/intelfpga_lite/20.1/nios2eds/bin/gnu/h-x86_64-mingw32/bin/../lib/gcc/nios2-elf/10.1.1/../../../../../H-x86_64-mingw32/nios2-elf/lib/mno-hw-mul\libc.a(lib_a-sbrkr.o)
 .comment       0x000000000000002d       0x2e c:/intelfpga_lite/20.1/nios2eds/bin/gnu/h-x86_64-mingw32/bin/../lib/gcc/nios2-elf/10.1.1/../../../../../H-x86_64-mingw32/nios2-elf/lib/mno-hw-mul\libc.a(lib_a-stdio.o)
 .comment       0x000000000000002d       0x2e c:/intelfpga_lite/20.1/nios2eds/bin/gnu/h-x86_64-mingw32/bin/../lib/gcc/nios2-elf/10.1.1/../../../../../H-x86_64-mingw32/nios2-elf/lib/mno-hw-mul\libc.a(lib_a-writer.o)
 .comment       0x000000000000002d       0x2e c:/intelfpga_lite/20.1/nios2eds/bin/gnu/h-x86_64-mingw32/bin/../lib/gcc/nios2-elf/10.1.1/../../../../../H-x86_64-mingw32/nios2-elf/lib/mno-hw-mul\libc.a(lib_a-wsetup.o)
 .comment       0x000000000000002d       0x2e c:/intelfpga_lite/20.1/nios2eds/bin/gnu/h-x86_64-mingw32/bin/../lib/gcc/nios2-elf/10.1.1/../../../../../H-x86_64-mingw32/nios2-elf/lib/mno-hw-mul\libc.a(closer.o)
 .comment       0x000000000000002d       0x2e c:/intelfpga_lite/20.1/nios2eds/bin/gnu/h-x86_64-mingw32/bin/../lib/gcc/nios2-elf/10.1.1/../../../../../H-x86_64-mingw32/nios2-elf/lib/mno-hw-mul\libc.a(lib_a-fclose.o)
 .comment       0x000000000000002d       0x2e c:/intelfpga_lite/20.1/nios2eds/bin/gnu/h-x86_64-mingw32/bin/../lib/gcc/nios2-elf/10.1.1/../../../../../H-x86_64-mingw32/nios2-elf/lib/mno-hw-mul\libc.a(lib_a-fflush.o)
 .comment       0x000000000000002d       0x2e c:/intelfpga_lite/20.1/nios2eds/bin/gnu/h-x86_64-mingw32/bin/../lib/gcc/nios2-elf/10.1.1/../../../../../H-x86_64-mingw32/nios2-elf/lib/mno-hw-mul\libc.a(lib_a-freer.o)
 .comment       0x000000000000002d       0x2e c:/intelfpga_lite/20.1/nios2eds/bin/gnu/h-x86_64-mingw32/bin/../lib/gcc/nios2-elf/10.1.1/../../../../../H-x86_64-mingw32/nios2-elf/lib/mno-hw-mul\libc.a(lib_a-int_errno.o)
 .comment       0x000000000000002d       0x2e c:/intelfpga_lite/20.1/nios2eds/bin/gnu/h-x86_64-mingw32/bin/../lib/gcc/nios2-elf/10.1.1/../../../../../H-x86_64-mingw32/nios2-elf/lib/mno-hw-mul\libc.a(lib_a-lseekr.o)
 .comment       0x000000000000002d       0x2e c:/intelfpga_lite/20.1/nios2eds/bin/gnu/h-x86_64-mingw32/bin/../lib/gcc/nios2-elf/10.1.1/../../../../../H-x86_64-mingw32/nios2-elf/lib/mno-hw-mul\libc.a(lib_a-makebuf.o)
 .comment       0x000000000000002d       0x2e c:/intelfpga_lite/20.1/nios2eds/bin/gnu/h-x86_64-mingw32/bin/../lib/gcc/nios2-elf/10.1.1/../../../../../H-x86_64-mingw32/nios2-elf/lib/mno-hw-mul\libc.a(lib_a-readr.o)
 .comment       0x000000000000002d       0x2e c:/intelfpga_lite/20.1/nios2eds/bin/gnu/h-x86_64-mingw32/bin/../lib/gcc/nios2-elf/10.1.1/../../../../../H-x86_64-mingw32/nios2-elf/lib/mno-hw-mul\libc.a(lib_a-fstatr.o)
 .comment       0x000000000000002d       0x2e c:/intelfpga_lite/20.1/nios2eds/bin/gnu/h-x86_64-mingw32/bin/../lib/gcc/nios2-elf/10.1.1/../../../../../H-x86_64-mingw32/nios2-elf/lib/mno-hw-mul\libc.a(lib_a-isattyr.o)
 .comment       0x000000000000002d       0x2e c:/intelfpga_lite/20.1/nios2eds/bin/gnu/h-x86_64-mingw32/bin/../lib/gcc/nios2-elf/10.1.1/mno-hw-mul\libgcc.a(lib2-divmod.o)
 .comment       0x000000000000002d       0x2e c:/intelfpga_lite/20.1/nios2eds/bin/gnu/h-x86_64-mingw32/bin/../lib/gcc/nios2-elf/10.1.1/mno-hw-mul\libgcc.a(lib2-mul.o)
 .comment       0x000000000000002d       0x2e c:/Users/Administrador/Documents/Sistemas_Digitais_II/nios2/software/gerador_pwm_bsp/\libhal_bsp.a(alt_close.o)
 .comment       0x000000000000002d       0x2e c:/Users/Administrador/Documents/Sistemas_Digitais_II/nios2/software/gerador_pwm_bsp/\libhal_bsp.a(alt_dev.o)
 .comment       0x000000000000002d       0x2e c:/Users/Administrador/Documents/Sistemas_Digitais_II/nios2/software/gerador_pwm_bsp/\libhal_bsp.a(alt_errno.o)
 .comment       0x000000000000002d       0x2e c:/Users/Administrador/Documents/Sistemas_Digitais_II/nios2/software/gerador_pwm_bsp/\libhal_bsp.a(alt_fstat.o)
 .comment       0x000000000000002d       0x2e c:/Users/Administrador/Documents/Sistemas_Digitais_II/nios2/software/gerador_pwm_bsp/\libhal_bsp.a(alt_isatty.o)
 .comment       0x000000000000002d       0x2e c:/Users/Administrador/Documents/Sistemas_Digitais_II/nios2/software/gerador_pwm_bsp/\libhal_bsp.a(alt_load.o)
 .comment       0x000000000000002d       0x2e c:/Users/Administrador/Documents/Sistemas_Digitais_II/nios2/software/gerador_pwm_bsp/\libhal_bsp.a(alt_lseek.o)
 .comment       0x000000000000002d       0x2e c:/Users/Administrador/Documents/Sistemas_Digitais_II/nios2/software/gerador_pwm_bsp/\libhal_bsp.a(alt_main.o)
 .comment       0x000000000000002d       0x2e c:/Users/Administrador/Documents/Sistemas_Digitais_II/nios2/software/gerador_pwm_bsp/\libhal_bsp.a(alt_malloc_lock.o)
 .comment       0x000000000000002d       0x2e c:/Users/Administrador/Documents/Sistemas_Digitais_II/nios2/software/gerador_pwm_bsp/\libhal_bsp.a(alt_read.o)
 .comment       0x000000000000002d       0x2e c:/Users/Administrador/Documents/Sistemas_Digitais_II/nios2/software/gerador_pwm_bsp/\libhal_bsp.a(alt_release_fd.o)
 .comment       0x000000000000002d       0x2e c:/Users/Administrador/Documents/Sistemas_Digitais_II/nios2/software/gerador_pwm_bsp/\libhal_bsp.a(alt_sbrk.o)
 .comment       0x000000000000002d       0x2e c:/Users/Administrador/Documents/Sistemas_Digitais_II/nios2/software/gerador_pwm_bsp/\libhal_bsp.a(alt_write.o)
 .comment       0x000000000000002d       0x2e c:/Users/Administrador/Documents/Sistemas_Digitais_II/nios2/software/gerador_pwm_bsp/\libhal_bsp.a(alt_sys_init.o)
 .comment       0x000000000000002d       0x2e c:/Users/Administrador/Documents/Sistemas_Digitais_II/nios2/software/gerador_pwm_bsp/\libhal_bsp.a(altera_avalon_jtag_uart_fd.o)
 .comment       0x000000000000002d       0x2e c:/Users/Administrador/Documents/Sistemas_Digitais_II/nios2/software/gerador_pwm_bsp/\libhal_bsp.a(altera_avalon_jtag_uart_init.o)
 .comment       0x000000000000002d       0x2e c:/Users/Administrador/Documents/Sistemas_Digitais_II/nios2/software/gerador_pwm_bsp/\libhal_bsp.a(altera_avalon_jtag_uart_ioctl.o)
 .comment       0x000000000000002d       0x2e c:/Users/Administrador/Documents/Sistemas_Digitais_II/nios2/software/gerador_pwm_bsp/\libhal_bsp.a(altera_avalon_jtag_uart_read.o)
 .comment       0x000000000000002d       0x2e c:/Users/Administrador/Documents/Sistemas_Digitais_II/nios2/software/gerador_pwm_bsp/\libhal_bsp.a(altera_avalon_jtag_uart_write.o)
 .comment       0x000000000000002d       0x2e c:/Users/Administrador/Documents/Sistemas_Digitais_II/nios2/software/gerador_pwm_bsp/\libhal_bsp.a(altera_avalon_timer_sc.o)
 .comment       0x000000000000002d       0x2e c:/Users/Administrador/Documents/Sistemas_Digitais_II/nios2/software/gerador_pwm_bsp/\libhal_bsp.a(alt_alarm_start.o)
 .comment       0x000000000000002d       0x2e c:/Users/Administrador/Documents/Sistemas_Digitais_II/nios2/software/gerador_pwm_bsp/\libhal_bsp.a(alt_dcache_flush_all.o)
 .comment       0x000000000000002d       0x2e c:/Users/Administrador/Documents/Sistemas_Digitais_II/nios2/software/gerador_pwm_bsp/\libhal_bsp.a(alt_dev_llist_insert.o)
 .comment       0x000000000000002d       0x2e c:/Users/Administrador/Documents/Sistemas_Digitais_II/nios2/software/gerador_pwm_bsp/\libhal_bsp.a(alt_do_ctors.o)
 .comment       0x000000000000002d       0x2e c:/Users/Administrador/Documents/Sistemas_Digitais_II/nios2/software/gerador_pwm_bsp/\libhal_bsp.a(alt_do_dtors.o)
 .comment       0x000000000000002d       0x2e c:/Users/Administrador/Documents/Sistemas_Digitais_II/nios2/software/gerador_pwm_bsp/\libhal_bsp.a(alt_icache_flush_all.o)
 .comment       0x000000000000002d       0x2e c:/Users/Administrador/Documents/Sistemas_Digitais_II/nios2/software/gerador_pwm_bsp/\libhal_bsp.a(alt_iic.o)
 .comment       0x000000000000002d       0x2e c:/Users/Administrador/Documents/Sistemas_Digitais_II/nios2/software/gerador_pwm_bsp/\libhal_bsp.a(alt_iic_isr_register.o)
 .comment       0x000000000000002d       0x2e c:/Users/Administrador/Documents/Sistemas_Digitais_II/nios2/software/gerador_pwm_bsp/\libhal_bsp.a(alt_io_redirect.o)
 .comment       0x000000000000002d       0x2e c:/Users/Administrador/Documents/Sistemas_Digitais_II/nios2/software/gerador_pwm_bsp/\libhal_bsp.a(alt_irq_handler.o)
 .comment       0x000000000000002d       0x2e c:/Users/Administrador/Documents/Sistemas_Digitais_II/nios2/software/gerador_pwm_bsp/\libhal_bsp.a(alt_irq_vars.o)
 .comment       0x000000000000002d       0x2e c:/Users/Administrador/Documents/Sistemas_Digitais_II/nios2/software/gerador_pwm_bsp/\libhal_bsp.a(alt_open.o)
 .comment       0x000000000000002d       0x2e c:/Users/Administrador/Documents/Sistemas_Digitais_II/nios2/software/gerador_pwm_bsp/\libhal_bsp.a(alt_tick.o)
 .comment       0x000000000000002d       0x2e c:/Users/Administrador/Documents/Sistemas_Digitais_II/nios2/software/gerador_pwm_bsp/\libhal_bsp.a(altera_nios2_gen2_irq.o)
 .comment       0x000000000000002d       0x2e c:/Users/Administrador/Documents/Sistemas_Digitais_II/nios2/software/gerador_pwm_bsp/\libhal_bsp.a(alt_find_dev.o)
 .comment       0x000000000000002d       0x2e c:/Users/Administrador/Documents/Sistemas_Digitais_II/nios2/software/gerador_pwm_bsp/\libhal_bsp.a(alt_find_file.o)
 .comment       0x000000000000002d       0x2e c:/Users/Administrador/Documents/Sistemas_Digitais_II/nios2/software/gerador_pwm_bsp/\libhal_bsp.a(alt_get_fd.o)
 .comment       0x000000000000002d       0x2e c:/Users/Administrador/Documents/Sistemas_Digitais_II/nios2/software/gerador_pwm_bsp/\libhal_bsp.a(alt_instruction_exception_entry.o)
 .comment       0x000000000000002d       0x2e c:/intelfpga_lite/20.1/nios2eds/bin/gnu/h-x86_64-mingw32/bin/../lib/gcc/nios2-elf/10.1.1/../../../../../H-x86_64-mingw32/nios2-elf/lib/mno-hw-mul\libc.a(lib_a-atexit.o)
 .comment       0x000000000000002d       0x2e c:/intelfpga_lite/20.1/nios2eds/bin/gnu/h-x86_64-mingw32/bin/../lib/gcc/nios2-elf/10.1.1/../../../../../H-x86_64-mingw32/nios2-elf/lib/mno-hw-mul\libc.a(lib_a-exit.o)
 .comment       0x000000000000002d       0x2e c:/intelfpga_lite/20.1/nios2eds/bin/gnu/h-x86_64-mingw32/bin/../lib/gcc/nios2-elf/10.1.1/../../../../../H-x86_64-mingw32/nios2-elf/lib/mno-hw-mul\libc.a(lib_a-memcmp.o)
 .comment       0x000000000000002d       0x2e c:/intelfpga_lite/20.1/nios2eds/bin/gnu/h-x86_64-mingw32/bin/../lib/gcc/nios2-elf/10.1.1/../../../../../H-x86_64-mingw32/nios2-elf/lib/mno-hw-mul\libc.a(lib_a-__atexit.o)
 .comment       0x000000000000002d       0x2e c:/intelfpga_lite/20.1/nios2eds/bin/gnu/h-x86_64-mingw32/bin/../lib/gcc/nios2-elf/10.1.1/../../../../../H-x86_64-mingw32/nios2-elf/lib/mno-hw-mul\libc.a(lib_a-__call_atexit.o)
 .comment       0x000000000000002d       0x2e c:/Users/Administrador/Documents/Sistemas_Digitais_II/nios2/software/gerador_pwm_bsp/\libhal_bsp.a(alt_exit.o)

.debug
 *(.debug)

.line
 *(.line)

.debug_srcinfo
 *(.debug_srcinfo)

.debug_sfnames
 *(.debug_sfnames)

.debug_aranges  0x0000000000000000      0xa40
 *(.debug_aranges)
 .debug_aranges
                0x0000000000000000       0x28 c:/Users/Administrador/Documents/Sistemas_Digitais_II/nios2/software/gerador_pwm_bsp//obj/HAL/src/crt0.o
 .debug_aranges
                0x0000000000000028       0x20 obj/default/hello_world.o
 .debug_aranges
                0x0000000000000048       0x28 c:/intelfpga_lite/20.1/nios2eds/bin/gnu/h-x86_64-mingw32/bin/../lib/gcc/nios2-elf/10.1.1/../../../../../H-x86_64-mingw32/nios2-elf/lib/mno-hw-mul\libc.a(lib_a-puts.o)
 .debug_aranges
                0x0000000000000070       0x20 c:/intelfpga_lite/20.1/nios2eds/bin/gnu/h-x86_64-mingw32/bin/../lib/gcc/nios2-elf/10.1.1/../../../../../H-x86_64-mingw32/nios2-elf/lib/mno-hw-mul\libc.a(lib_a-strlen.o)
 .debug_aranges
                0x0000000000000090       0x68 c:/intelfpga_lite/20.1/nios2eds/bin/gnu/h-x86_64-mingw32/bin/../lib/gcc/nios2-elf/10.1.1/../../../../../H-x86_64-mingw32/nios2-elf/lib/mno-hw-mul\libc.a(lib_a-findfp.o)
 .debug_aranges
                0x00000000000000f8       0x20 c:/intelfpga_lite/20.1/nios2eds/bin/gnu/h-x86_64-mingw32/bin/../lib/gcc/nios2-elf/10.1.1/../../../../../H-x86_64-mingw32/nios2-elf/lib/mno-hw-mul\libc.a(lib_a-fvwrite.o)
 .debug_aranges
                0x0000000000000118       0x28 c:/intelfpga_lite/20.1/nios2eds/bin/gnu/h-x86_64-mingw32/bin/../lib/gcc/nios2-elf/10.1.1/../../../../../H-x86_64-mingw32/nios2-elf/lib/mno-hw-mul\libc.a(lib_a-fwalk.o)
 .debug_aranges
                0x0000000000000140       0x18 c:/intelfpga_lite/20.1/nios2eds/bin/gnu/h-x86_64-mingw32/bin/../lib/gcc/nios2-elf/10.1.1/../../../../../H-x86_64-mingw32/nios2-elf/lib/mno-hw-mul\libc.a(lib_a-impure.o)
 .debug_aranges
                0x0000000000000158       0x20 c:/intelfpga_lite/20.1/nios2eds/bin/gnu/h-x86_64-mingw32/bin/../lib/gcc/nios2-elf/10.1.1/../../../../../H-x86_64-mingw32/nios2-elf/lib/mno-hw-mul\libc.a(lib_a-mallocr.o)
 .debug_aranges